<html>
<body>
<pre>
<h1>µVision Build Log</h1>
<h2>Project:</h2>
E:\Dai hoc\Engineering Softwares\STM32F4\projects\MyProject_F4_2wheelbalancingrobot\F4_GPIO.uvproj
Project File Date:  02/22/2015

<h2>Output:</h2>
Build target 'Source'
compiling main.c...
linking...
Program Size: Code=17284 RO-data=496 RW-data=312 ZI-data=1776  
".\OUT\exec.axf" - 0 Errors, 0 Warning(s).
Build target 'Source'
compiling main.c...
linking...
Program Size: Code=17308 RO-data=496 RW-data=312 ZI-data=1776  
".\OUT\exec.axf" - 0 Errors, 0 Warning(s).
Load "E:\\Dai hoc\\Engineering Softwares\\STM32F4\\projects\\MyProject_F4_2wheelbalancingrobot\\OUT\\exec.axf" 
Load "E:\\Dai hoc\\Engineering Softwares\\STM32F4\\projects\\MyProject_F4_2wheelbalancingrobot\\OUT\\exec.axf" 
Erase Done.
Programming Done.
Verify OK.
Build target 'Source'
compiling main.c...
linking...
Program Size: Code=17308 RO-data=496 RW-data=312 ZI-data=1776  
".\OUT\exec.axf" - 0 Errors, 0 Warning(s).
Load "E:\\Dai hoc\\Engineering Softwares\\STM32F4\\projects\\MyProject_F4_2wheelbalancingrobot\\OUT\\exec.axf" 
Erase Done.
Programming Done.
Verify OK.
Build target 'Source'
compiling main.c...
linking...
Program Size: Code=17316 RO-data=496 RW-data=312 ZI-data=1776  
".\OUT\exec.axf" - 0 Errors, 0 Warning(s).
Load "E:\\Dai hoc\\Engineering Softwares\\STM32F4\\projects\\MyProject_F4_2wheelbalancingrobot\\OUT\\exec.axf" 
Erase Done.
Programming Done.
Verify OK.
Build target 'Source'
compiling main.c...
linking...
Program Size: Code=17316 RO-data=496 RW-data=312 ZI-data=1776  
".\OUT\exec.axf" - 0 Errors, 0 Warning(s).
Load "E:\\Dai hoc\\Engineering Softwares\\STM32F4\\projects\\MyProject_F4_2wheelbalancingrobot\\OUT\\exec.axf" 
Erase Done.
Programming Done.
Verify OK.
Build target 'Source'
compiling main.c...
linking...
Program Size: Code=17316 RO-data=496 RW-data=312 ZI-data=1776  
".\OUT\exec.axf" - 0 Errors, 0 Warning(s).
Load "E:\\Dai hoc\\Engineering Softwares\\STM32F4\\projects\\MyProject_F4_2wheelbalancingrobot\\OUT\\exec.axf" 
Erase Done.
Programming Done.
Verify OK.
Build target 'Source'
compiling main.c...
linking...
Program Size: Code=17312 RO-data=496 RW-data=312 ZI-data=1776  
".\OUT\exec.axf" - 0 Errors, 0 Warning(s).
Load "E:\\Dai hoc\\Engineering Softwares\\STM32F4\\projects\\MyProject_F4_2wheelbalancingrobot\\OUT\\exec.axf" 
Erase Done.
Programming Done.
Verify OK.
Build target 'Source'
compiling main.c...
linking...
Program Size: Code=17312 RO-data=496 RW-data=312 ZI-data=1776  
".\OUT\exec.axf" - 0 Errors, 0 Warning(s).
Load "E:\\Dai hoc\\Engineering Softwares\\STM32F4\\projects\\MyProject_F4_2wheelbalancingrobot\\OUT\\exec.axf" 
Erase Done.
Programming Done.
Verify OK.
Build target 'Source'
compiling main.c...
linking...
Program Size: Code=17308 RO-data=496 RW-data=312 ZI-data=1776  
".\OUT\exec.axf" - 0 Errors, 0 Warning(s).
Load "E:\\Dai hoc\\Engineering Softwares\\STM32F4\\projects\\MyProject_F4_2wheelbalancingrobot\\OUT\\exec.axf" 
Erase Done.
Programming Done.
Verify OK.
Build target 'Source'
compiling main.c...
linking...
Program Size: Code=17308 RO-data=496 RW-data=312 ZI-data=1776  
".\OUT\exec.axf" - 0 Errors, 0 Warning(s).
Load "E:\\Dai hoc\\Engineering Softwares\\STM32F4\\projects\\MyProject_F4_2wheelbalancingrobot\\OUT\\exec.axf" 
Erase Done.
Programming Done.
Verify OK.
Build target 'Source'
compiling main.c...
linking...
Program Size: Code=17308 RO-data=496 RW-data=312 ZI-data=1776  
".\OUT\exec.axf" - 0 Errors, 0 Warning(s).
Load "E:\\Dai hoc\\Engineering Softwares\\STM32F4\\projects\\MyProject_F4_2wheelbalancingrobot\\OUT\\exec.axf" 
Erase Done.
Programming Done.
Verify OK.
Build target 'Source'
compiling main.c...
linking...
Program Size: Code=17308 RO-data=496 RW-data=312 ZI-data=1776  
".\OUT\exec.axf" - 0 Errors, 0 Warning(s).
Load "E:\\Dai hoc\\Engineering Softwares\\STM32F4\\projects\\MyProject_F4_2wheelbalancingrobot\\OUT\\exec.axf" 
Erase Done.
Programming Done.
Verify OK.
Build target 'Source'
compiling main.c...
linking...
Program Size: Code=17300 RO-data=496 RW-data=312 ZI-data=1776  
".\OUT\exec.axf" - 0 Errors, 0 Warning(s).
Load "E:\\Dai hoc\\Engineering Softwares\\STM32F4\\projects\\MyProject_F4_2wheelbalancingrobot\\OUT\\exec.axf" 
Erase Done.
Programming Done.
Verify OK.
Build target 'Source'
compiling main.c...
linking...
Program Size: Code=17304 RO-data=496 RW-data=312 ZI-data=1776  
".\OUT\exec.axf" - 0 Errors, 0 Warning(s).
Load "E:\\Dai hoc\\Engineering Softwares\\STM32F4\\projects\\MyProject_F4_2wheelbalancingrobot\\OUT\\exec.axf" 
Erase Done.
Programming Done.
Verify OK.
Build target 'Source'
compiling main.c...
linking...
Program Size: Code=17304 RO-data=496 RW-data=312 ZI-data=1776  
".\OUT\exec.axf" - 0 Errors, 0 Warning(s).
Load "E:\\Dai hoc\\Engineering Softwares\\STM32F4\\projects\\MyProject_F4_2wheelbalancingrobot\\OUT\\exec.axf" 
Erase Done.
Programming Done.
Verify OK.
Build target 'Source'
compiling main.c...
linking...
Program Size: Code=17304 RO-data=496 RW-data=312 ZI-data=1776  
".\OUT\exec.axf" - 0 Errors, 0 Warning(s).
Load "E:\\Dai hoc\\Engineering Softwares\\STM32F4\\projects\\MyProject_F4_2wheelbalancingrobot\\OUT\\exec.axf" 
Erase Done.
Programming Done.
Verify OK.
Build target 'Source'
compiling main.c...
linking...
Program Size: Code=17304 RO-data=496 RW-data=312 ZI-data=1776  
".\OUT\exec.axf" - 0 Errors, 0 Warning(s).
Load "E:\\Dai hoc\\Engineering Softwares\\STM32F4\\projects\\MyProject_F4_2wheelbalancingrobot\\OUT\\exec.axf" 
Erase Done.
Programming Done.
Verify OK.
Build target 'Source'
compiling main.c...
linking...
Program Size: Code=17304 RO-data=496 RW-data=312 ZI-data=1776  
".\OUT\exec.axf" - 0 Errors, 0 Warning(s).
Load "E:\\Dai hoc\\Engineering Softwares\\STM32F4\\projects\\MyProject_F4_2wheelbalancingrobot\\OUT\\exec.axf" 
Erase Done.
Programming Done.
Verify OK.
Build target 'Source'
compiling main.c...
linking...
Program Size: Code=17304 RO-data=496 RW-data=312 ZI-data=1776  
".\OUT\exec.axf" - 0 Errors, 0 Warning(s).
Build target 'Source'
compiling main.c...
linking...
Program Size: Code=17400 RO-data=496 RW-data=320 ZI-data=1776  
".\OUT\exec.axf" - 0 Errors, 0 Warning(s).
Load "E:\\Dai hoc\\Engineering Softwares\\STM32F4\\projects\\MyProject_F4_2wheelbalancingrobot\\OUT\\exec.axf" 
Erase Done.
Programming Done.
Verify OK.
Build target 'Source'
compiling main.c...
linking...
Program Size: Code=17392 RO-data=496 RW-data=320 ZI-data=1776  
".\OUT\exec.axf" - 0 Errors, 0 Warning(s).
Load "E:\\Dai hoc\\Engineering Softwares\\STM32F4\\projects\\MyProject_F4_2wheelbalancingrobot\\OUT\\exec.axf" 
Erase Done.
Programming Done.
Verify OK.
Build target 'Source'
compiling main.c...
linking...
Program Size: Code=17384 RO-data=496 RW-data=320 ZI-data=1776  
".\OUT\exec.axf" - 0 Errors, 0 Warning(s).
Build target 'Source'
compiling main.c...
linking...
Program Size: Code=17380 RO-data=496 RW-data=320 ZI-data=1776  
".\OUT\exec.axf" - 0 Errors, 0 Warning(s).
Load "E:\\Dai hoc\\Engineering Softwares\\STM32F4\\projects\\MyProject_F4_2wheelbalancingrobot\\OUT\\exec.axf" 
Erase Done.
Programming Done.
Verify OK.
Build target 'Source'
compiling main.c...
Source\main.c(126): warning:  #1035-D: single-precision operand implicitly converted to double-precision
Source\main.c(131): warning:  #1035-D: single-precision operand implicitly converted to double-precision
linking...
Program Size: Code=17400 RO-data=496 RW-data=320 ZI-data=1776  
".\OUT\exec.axf" - 0 Errors, 2 Warning(s).
Build target 'Source'
compiling main.c...
linking...
Program Size: Code=17400 RO-data=496 RW-data=320 ZI-data=1776  
".\OUT\exec.axf" - 0 Errors, 0 Warning(s).
Load "E:\\Dai hoc\\Engineering Softwares\\STM32F4\\projects\\MyProject_F4_2wheelbalancingrobot\\OUT\\exec.axf" 
Erase Done.
Programming Done.
Verify OK.
Build target 'Source'
compiling main.c...
linking...
Program Size: Code=17400 RO-data=496 RW-data=320 ZI-data=1776  
".\OUT\exec.axf" - 0 Errors, 0 Warning(s).
Load "E:\\Dai hoc\\Engineering Softwares\\STM32F4\\projects\\MyProject_F4_2wheelbalancingrobot\\OUT\\exec.axf" 
Erase Done.
Programming Done.
Verify OK.
Build target 'Source'
compiling main.c...
linking...
Program Size: Code=17348 RO-data=496 RW-data=316 ZI-data=1772  
".\OUT\exec.axf" - 0 Errors, 0 Warning(s).
Build target 'Source'
compiling main.c...
linking...
Program Size: Code=17348 RO-data=496 RW-data=316 ZI-data=1772  
".\OUT\exec.axf" - 0 Errors, 0 Warning(s).
Load "E:\\Dai hoc\\Engineering Softwares\\STM32F4\\projects\\MyProject_F4_2wheelbalancingrobot\\OUT\\exec.axf" 
Erase Done.
Programming Done.
Verify OK.
Build target 'Source'
compiling main.c...
linking...
Program Size: Code=17348 RO-data=496 RW-data=316 ZI-data=1772  
".\OUT\exec.axf" - 0 Errors, 0 Warning(s).
Load "E:\\Dai hoc\\Engineering Softwares\\STM32F4\\projects\\MyProject_F4_2wheelbalancingrobot\\OUT\\exec.axf" 
Erase Done.
Programming Done.
Verify OK.
