ARM Linker, 5.03 [Build 76] [MDK-ARM Professional]

==============================================================================

Section Cross References

    startup_stm32f4xx.o(STACK) refers (Special) to heapauxi.o(.text) for __use_two_region_memory
    startup_stm32f4xx.o(HEAP) refers (Special) to heapauxi.o(.text) for __use_two_region_memory
    startup_stm32f4xx.o(RESET) refers (Special) to heapauxi.o(.text) for __use_two_region_memory
    startup_stm32f4xx.o(RESET) refers to startup_stm32f4xx.o(STACK) for __initial_sp
    startup_stm32f4xx.o(RESET) refers to startup_stm32f4xx.o(.text) for Reset_Handler
    startup_stm32f4xx.o(RESET) refers to main.o(.text) for SysTick_Handler
    startup_stm32f4xx.o(.text) refers (Special) to heapauxi.o(.text) for __use_two_region_memory
    startup_stm32f4xx.o(.text) refers to system_stm32f4xx.o(.text) for SystemInit
    startup_stm32f4xx.o(.text) refers to __main.o(!!!main) for __main
    startup_stm32f4xx.o(.text) refers to startup_stm32f4xx.o(HEAP) for Heap_Mem
    startup_stm32f4xx.o(.text) refers to startup_stm32f4xx.o(STACK) for Stack_Mem
    tm_stm32f4_i2c.o(.text) refers to stm32f4xx_rcc.o(.text) for RCC_AHB1PeriphClockCmd
    tm_stm32f4_i2c.o(.text) refers to stm32f4xx_gpio.o(.text) for GPIO_PinAFConfig
    tm_stm32f4_i2c.o(.text) refers to stm32f4xx_i2c.o(.text) for I2C_Cmd
    tm_stm32f4_i2c.o(.text) refers to tm_stm32f4_i2c.o(.data) for .data
    tm_stm32f4_mpu6050.o(.text) refers to tm_stm32f4_i2c.o(.text) for TM_I2C_Init
    main.o(.text) refers to pwm.o(.text) for TIM_Config
    main.o(.text) refers to encoder.o(.text) for ENC_Config
    main.o(.text) refers to uart_dma.o(.text) for UART_DMA_CONFIG
    main.o(.text) refers to tm_stm32f4_mpu6050.o(.text) for TM_MPU6050_Init
    main.o(.text) refers to stm32f4xx_usart.o(.text) for USART_GetITStatus
    main.o(.text) refers to stm32f4xx_tim.o(.text) for TIM_SetCompare1
    main.o(.text) refers to filter.o(.text) for Smooth_filter
    main.o(.text) refers to main.o(.bss) for .bss
    main.o(.text) refers to main.o(.data) for .data
    main.o(.text) refers to system_stm32f4xx.o(.data) for SystemCoreClock
    main.o(.text) refers to atan2f.o(i.__hardfp_atan2f) for __hardfp_atan2f
    main.o(.text) refers to stm32f4xx_gpio.o(.text) for GPIO_ResetBits
    uart_dma.o(.text) refers to stm32f4xx_rcc.o(.text) for RCC_AHB1PeriphClockCmd
    uart_dma.o(.text) refers to stm32f4xx_gpio.o(.text) for GPIO_PinAFConfig
    uart_dma.o(.text) refers to stm32f4xx_usart.o(.text) for USART_OverSampling8Cmd
    uart_dma.o(.text) refers to stm32f4xx_dma.o(.text) for DMA_DeInit
    uart_dma.o(.text) refers to misc.o(.text) for NVIC_PriorityGroupConfig
    pwm.o(.text) refers to stm32f4xx_rcc.o(.text) for RCC_APB1PeriphClockCmd
    pwm.o(.text) refers to stm32f4xx_gpio.o(.text) for GPIO_Init
    pwm.o(.text) refers to stm32f4xx_tim.o(.text) for TIM_TimeBaseInit
    encoder.o(.text) refers to stm32f4xx_rcc.o(.text) for RCC_APB1PeriphClockCmd
    encoder.o(.text) refers to stm32f4xx_gpio.o(.text) for GPIO_Init
    encoder.o(.text) refers to stm32f4xx_tim.o(.text) for TIM_EncoderInterfaceConfig
    filter.o(.text) refers to matrix.o(.text) for matrix_transpose
    filter.o(.text) refers to filter.o(.data) for .data
    filter.o(.text) refers to filter.o(.constdata) for .constdata
    filter.o(.text) refers to filter.o(.bss) for .bss
    matrix.o(.text) refers to calloc.o(.text) for calloc
    matrix.o(.text) refers to h1_free.o(.text) for free
    stm32f4xx_gpio.o(.text) refers to stm32f4xx_rcc.o(.text) for RCC_AHB1PeriphResetCmd
    stm32f4xx_rcc.o(.text) refers to stm32f4xx_rcc.o(.data) for .data
    stm32f4xx_syscfg.o(.text) refers to stm32f4xx_rcc.o(.text) for RCC_APB2PeriphResetCmd
    stm32f4xx_tim.o(.text) refers to stm32f4xx_rcc.o(.text) for RCC_APB2PeriphResetCmd
    stm32f4xx_usart.o(.text) refers to stm32f4xx_rcc.o(.text) for RCC_APB2PeriphResetCmd
    stm32f4xx_adc.o(.text) refers to stm32f4xx_rcc.o(.text) for RCC_APB2PeriphResetCmd
    stm32f4xx_i2c.o(.text) refers to stm32f4xx_rcc.o(.text) for RCC_APB1PeriphResetCmd
    system_stm32f4xx.o(.text) refers to system_stm32f4xx.o(.data) for .data
    free.o(.text) refers (Special) to hguard.o(.text) for __heap$guard
    free.o(.text) refers to rt_heap_descriptor_intlibspace.o(.text) for __rt_heap_descriptor
    free.o(.text) refers to heapstubs.o(.text) for __Heap_Free
    calloc.o(.text) refers to h1_alloc.o(.text) for malloc
    calloc.o(.text) refers to rt_memclr.o(.text) for __aeabi_memclr
    h1_free.o(.text) refers to rt_heap_descriptor_intlibspace.o(.text) for __rt_heap_descriptor
    h1_free_mt.o(.text) refers to rt_heap_descriptor_intlibspace.o(.text) for __rt_heap_descriptor
    heap2.o(i._FDIterate) refers to heap2.o(.constdata) for .constdata
    heap2.o(i.___Heap_ProvideMemory$realtime) refers to fdtree.o(i._FDTree_Delete) for _FDTree_Delete
    heap2.o(i.___Heap_ProvideMemory$realtime) refers to fdtree.o(i._FDTree_Insert) for _FDTree_Insert
[...]
    ../clib/angel/kernel.s                   0x00000000   Number         0  rtexit2.o ABSOLUTE
    ../clib/angel/kernel.s                   0x00000000   Number         0  rtentry2.o ABSOLUTE
    ../clib/angel/kernel.s                   0x00000000   Number         0  rtentry4.o ABSOLUTE
    ../clib/angel/kernel.s                   0x00000000   Number         0  rtexit.o ABSOLUTE
    ../clib/angel/rt.s                       0x00000000   Number         0  rt_heap_descriptor_intlibspace.o ABSOLUTE
    ../clib/angel/rt.s                       0x00000000   Number         0  rt_heap_descriptor.o ABSOLUTE
    ../clib/angel/rt.s                       0x00000000   Number         0  rt_errno_addr.o ABSOLUTE
    ../clib/angel/rt.s                       0x00000000   Number         0  rt_raise.o ABSOLUTE
    ../clib/angel/rt.s                       0x00000000   Number         0  rt_errno_addr_intlibspace.o ABSOLUTE
    ../clib/angel/scatter.s                  0x00000000   Number         0  __scatter.o ABSOLUTE
    ../clib/angel/startup.s                  0x00000000   Number         0  __main.o ABSOLUTE
    ../clib/angel/sys.s                      0x00000000   Number         0  sys_stackheap_outer.o ABSOLUTE
    ../clib/angel/sys.s                      0x00000000   Number         0  use_no_semi.o ABSOLUTE
    ../clib/angel/sys.s                      0x00000000   Number         0  mutex_dummy.o ABSOLUTE
    ../clib/angel/sys.s                      0x00000000   Number         0  libspace.o ABSOLUTE
    ../clib/angel/sys.s                      0x00000000   Number         0  indicate_semi.o ABSOLUTE
    ../clib/angel/sysapp.c                   0x00000000   Number         0  sys_exit.o ABSOLUTE
    ../clib/angel/sysapp.c                   0x00000000   Number         0  sys_wrch.o ABSOLUTE
    ../clib/angel/sysapp.c                   0x00000000   Number         0  sys_command.o ABSOLUTE
    ../clib/armsys.c                         0x00000000   Number         0  _get_argv.o ABSOLUTE
    ../clib/armsys.c                         0x00000000   Number         0  argv_veneer.o ABSOLUTE
    ../clib/armsys.c                         0x00000000   Number         0  argv_veneer.o ABSOLUTE
    ../clib/armsys.c                         0x00000000   Number         0  no_argv.o ABSOLUTE
    ../clib/armsys.c                         0x00000000   Number         0  _get_argv_nomalloc.o ABSOLUTE
    ../clib/fenv.c                           0x00000000   Number         0  _rserrno.o ABSOLUTE
    ../clib/heap1.c                          0x00000000   Number         0  h1_init.o ABSOLUTE
    ../clib/heap1.c                          0x00000000   Number         0  h1_free.o ABSOLUTE
    ../clib/heap1.c                          0x00000000   Number         0  h1_free_mt.o ABSOLUTE
    ../clib/heap1.c                          0x00000000   Number         0  h1_final.o ABSOLUTE
    ../clib/heap1.c                          0x00000000   Number         0  h1_extend.o ABSOLUTE
    ../clib/heap1.c                          0x00000000   Number         0  h1_init_mt.o ABSOLUTE
    ../clib/heap1.c                          0x00000000   Number         0  h1_extend_mt.o ABSOLUTE
    ../clib/heap1.c                          0x00000000   Number         0  h1_alloc.o ABSOLUTE
    ../clib/heap1.c                          0x00000000   Number         0  h1_alloc_mt.o ABSOLUTE
    ../clib/heap1.c                          0x00000000   Number         0  h1_final_mt.o ABSOLUTE
    ../clib/heap2.c                          0x00000000   Number         0  heap2.o ABSOLUTE
    ../clib/heap2.c                          0x00000000   Number         0  heap2mt.o ABSOLUTE
    ../clib/heap2.c                          0x00000000   Number         0  fdtree.o ABSOLUTE
    ../clib/heapalloc.c                      0x00000000   Number         0  hguard.o ABSOLUTE
    ../clib/heapalloc.c                      0x00000000   Number         0  maybetermalloc1.o ABSOLUTE
    ../clib/heapalloc.c                      0x00000000   Number         0  maybetermalloc2.o ABSOLUTE
    ../clib/heapalloc.c                      0x00000000   Number         0  free.o ABSOLUTE
    ../clib/heapalloc.c                      0x00000000   Number         0  calloc.o ABSOLUTE
    ../clib/heapalloc.c                      0x00000000   Number         0  hrguard.o ABSOLUTE
    ../clib/heapalloc.c                      0x00000000   Number         0  term_alloc.o ABSOLUTE
    ../clib/heapalloc.c                      0x00000000   Number         0  maybetermalloc1.o ABSOLUTE
    ../clib/heapalloc.c                      0x00000000   Number         0  malloc.o ABSOLUTE
    ../clib/heapalloc.c                      0x00000000   Number         0  heapstubs.o ABSOLUTE
    ../clib/heapalloc.c                      0x00000000   Number         0  maybetermalloc2.o ABSOLUTE
    ../clib/heapalloc.c                      0x00000000   Number         0  init_alloc.o ABSOLUTE
    ../clib/heapaux.c                        0x00000000   Number         0  heapauxi.o ABSOLUTE
    ../clib/heapaux.c                        0x00000000   Number         0  heapauxa.o ABSOLUTE
    ../clib/libinit.s                        0x00000000   Number         0  libshutdown2.o ABSOLUTE
    ../clib/libinit.s                        0x00000000   Number         0  libinit2.o ABSOLUTE
    ../clib/libinit.s                        0x00000000   Number         0  libinit.o ABSOLUTE
    ../clib/libinit.s                        0x00000000   Number         0  libshutdown.o ABSOLUTE
    ../clib/memcpset.s                       0x00000000   Number         0  rt_memclr.o ABSOLUTE
    ../clib/memcpset.s                       0x00000000   Number         0  rt_memcpy_w.o ABSOLUTE
    ../clib/memcpset.s                       0x00000000   Number         0  rt_memclr_w.o ABSOLUTE
    ../clib/signal.c                         0x00000000   Number         0  defsig_fpe_inner.o ABSOLUTE
    ../clib/signal.c                         0x00000000   Number         0  defsig_rtred_inner.o ABSOLUTE
    ../clib/signal.c                         0x00000000   Number         0  defsig_stak_inner.o ABSOLUTE
    ../clib/signal.c                         0x00000000   Number         0  defsig_pvfn_inner.o ABSOLUTE
    ../clib/signal.c                         0x00000000   Number         0  defsig_cppl_inner.o ABSOLUTE
    ../clib/signal.c                         0x00000000   Number         0  defsig_segv_inner.o ABSOLUTE
    ../clib/signal.c                         0x00000000   Number         0  defsig_exit.o ABSOLUTE
    ../clib/signal.c                         0x00000000   Number         0  defsig_rtmem_inner.o ABSOLUTE
    ../clib/signal.c                         0x00000000   Number         0  defsig_rtmem_outer.o ABSOLUTE
    ../clib/signal.c                         0x00000000   Number         0  __raise.o ABSOLUTE
    ../clib/signal.c                         0x00000000   Number         0  defsig_rtmem_formal.o ABSOLUTE
    ../clib/signal.c                         0x00000000   Number         0  defsig_other.o ABSOLUTE
    ../clib/signal.c                         0x00000000   Number         0  defsig_general.o ABSOLUTE
    ../clib/signal.c                         0x00000000   Number         0  defsig_abrt_inner.o ABSOLUTE
    ../clib/signal.s                         0x00000000   Number         0  defsig.o ABSOLUTE
    ../clib/stdlib.c                         0x00000000   Number         0  exit.o ABSOLUTE
    ../fplib/fpinit.s                        0x00000000   Number         0  fpinit.o ABSOLUTE
    ../fplib/usenofp.s                       0x00000000   Number         0  usenofp.o ABSOLUTE
    ../mathlib/atan2f.c                      0x00000000   Number         0  atan2f.o ABSOLUTE
    ../mathlib/atan2f.c                      0x00000000   Number         0  atan2f_x.o ABSOLUTE
    ../mathlib/fpclassifyf.c                 0x00000000   Number         0  fpclassifyf.o ABSOLUTE
    ../mathlib/funder.c                      0x00000000   Number         0  funder.o ABSOLUTE
    MDK_ARM\startup_stm32f4xx.s              0x00000000   Number         0  startup_stm32f4xx.o ABSOLUTE
    STM32F4_Discovery\\system_stm32f4xx.c    0x00000000   Number         0  system_stm32f4xx.o ABSOLUTE
    STM32F4_Discovery\system_stm32f4xx.c     0x00000000   Number         0  system_stm32f4xx.o ABSOLUTE
    Source\Encoder.c                         0x00000000   Number         0  encoder.o ABSOLUTE
    Source\PWM.c                             0x00000000   Number         0  pwm.o ABSOLUTE
    Source\UART_DMA.c                        0x00000000   Number         0  uart_dma.o ABSOLUTE
    Source\\Encoder.c                        0x00000000   Number         0  encoder.o ABSOLUTE
    Source\\PWM.c                            0x00000000   Number         0  pwm.o ABSOLUTE
    Source\\UART_DMA.c                       0x00000000   Number         0  uart_dma.o ABSOLUTE
    Source\\main.c                           0x00000000   Number         0  main.o ABSOLUTE
    Source\\tm_stm32f4_i2c.c                 0x00000000   Number         0  tm_stm32f4_i2c.o ABSOLUTE
    Source\\tm_stm32f4_mpu6050.c             0x00000000   Number         0  tm_stm32f4_mpu6050.o ABSOLUTE
    Source\filter.c                          0x00000000   Number         0  filter.o ABSOLUTE
    Source\main.c                            0x00000000   Number         0  main.o ABSOLUTE
    Source\matrix.c                          0x00000000   Number         0  matrix.o ABSOLUTE
    Source\tm_stm32f4_i2c.c                  0x00000000   Number         0  tm_stm32f4_i2c.o ABSOLUTE
    Source\tm_stm32f4_mpu6050.c              0x00000000   Number         0  tm_stm32f4_mpu6050.o ABSOLUTE
    dc.s                                     0x00000000   Number         0  dc.o ABSOLUTE
    lib_sys\\src\\misc.c                     0x00000000   Number         0  misc.o ABSOLUTE
    lib_sys\\src\\stm32f4xx_adc.c            0x00000000   Number         0  stm32f4xx_adc.o ABSOLUTE
    lib_sys\\src\\stm32f4xx_dma.c            0x00000000   Number         0  stm32f4xx_dma.o ABSOLUTE
    lib_sys\\src\\stm32f4xx_exti.c           0x00000000   Number         0  stm32f4xx_exti.o ABSOLUTE
    lib_sys\\src\\stm32f4xx_gpio.c           0x00000000   Number         0  stm32f4xx_gpio.o ABSOLUTE
    lib_sys\\src\\stm32f4xx_i2c.c            0x00000000   Number         0  stm32f4xx_i2c.o ABSOLUTE
    lib_sys\\src\\stm32f4xx_rcc.c            0x00000000   Number         0  stm32f4xx_rcc.o ABSOLUTE
    lib_sys\\src\\stm32f4xx_syscfg.c         0x00000000   Number         0  stm32f4xx_syscfg.o ABSOLUTE
    lib_sys\\src\\stm32f4xx_tim.c            0x00000000   Number         0  stm32f4xx_tim.o ABSOLUTE
    lib_sys\\src\\stm32f4xx_usart.c          0x00000000   Number         0  stm32f4xx_usart.o ABSOLUTE
    lib_sys\src\misc.c                       0x00000000   Number         0  misc.o ABSOLUTE
    lib_sys\src\stm32f4xx_adc.c              0x00000000   Number         0  stm32f4xx_adc.o ABSOLUTE
    lib_sys\src\stm32f4xx_dma.c              0x00000000   Number         0  stm32f4xx_dma.o ABSOLUTE
    lib_sys\src\stm32f4xx_exti.c             0x00000000   Number         0  stm32f4xx_exti.o ABSOLUTE
    lib_sys\src\stm32f4xx_gpio.c             0x00000000   Number         0  stm32f4xx_gpio.o ABSOLUTE
    lib_sys\src\stm32f4xx_i2c.c              0x00000000   Number         0  stm32f4xx_i2c.o ABSOLUTE
    lib_sys\src\stm32f4xx_rcc.c              0x00000000   Number         0  stm32f4xx_rcc.o ABSOLUTE
    lib_sys\src\stm32f4xx_syscfg.c           0x00000000   Number         0  stm32f4xx_syscfg.o ABSOLUTE
    lib_sys\src\stm32f4xx_tim.c              0x00000000   Number         0  stm32f4xx_tim.o ABSOLUTE
    lib_sys\src\stm32f4xx_usart.c            0x00000000   Number         0  stm32f4xx_usart.o ABSOLUTE
    RESET                                    0x08000000   Section      392  startup_stm32f4xx.o(RESET)
    !!!main                                  0x08000188   Section        8  __main.o(!!!main)
    !!!scatter                               0x08000190   Section       52  __scatter.o(!!!scatter)
    !!dczerorl2                              0x080001c4   Section       90  __dczerorl2.o(!!dczerorl2)
    !!handler_zi                             0x08000220   Section       28  __scatter_zi.o(!!handler_zi)
    .ARM.Collect$$libinit$$00000000          0x0800023c   Section        2  libinit.o(.ARM.Collect$$libinit$$00000000)
    .ARM.Collect$$libinit$$00000001          0x0800023e   Section        4  libinit2.o(.ARM.Collect$$libinit$$00000001)
    .ARM.Collect$$libinit$$00000003          0x08000242   Section        8  libinit2.o(.ARM.Collect$$libinit$$00000003)
    .ARM.Collect$$libinit$$00000008          0x0800024a   Section        0  libinit2.o(.ARM.Collect$$libinit$$00000008)
    .ARM.Collect$$libinit$$0000000A          0x0800024a   Section        0  libinit2.o(.ARM.Collect$$libinit$$0000000A)
    .ARM.Collect$$libinit$$0000000C          0x0800024a   Section        0  libinit2.o(.ARM.Collect$$libinit$$0000000C)
    .ARM.Collect$$libinit$$0000000F          0x0800024a   Section        0  libinit2.o(.ARM.Collect$$libinit$$0000000F)
    .ARM.Collect$$libinit$$00000011          0x0800024a   Section        0  libinit2.o(.ARM.Collect$$libinit$$00000011)
    .ARM.Collect$$libinit$$00000013          0x0800024a   Section        0  libinit2.o(.ARM.Collect$$libinit$$00000013)
    .ARM.Collect$$libinit$$00000015          0x0800024a   Section        0  libinit2.o(.ARM.Collect$$libinit$$00000015)
    .ARM.Collect$$libinit$$00000017          0x0800024a   Section        0  libinit2.o(.ARM.Collect$$libinit$$00000017)
    .ARM.Collect$$libinit$$00000019          0x0800024a   Section        0  libinit2.o(.ARM.Collect$$libinit$$00000019)
    .ARM.Collect$$libinit$$0000001B          0x0800024a   Section        0  libinit2.o(.ARM.Collect$$libinit$$0000001B)
    .ARM.Collect$$libinit$$0000001D          0x0800024a   Section        0  libinit2.o(.ARM.Collect$$libinit$$0000001D)
    .ARM.Collect$$libinit$$0000001F          0x0800024a   Section        0  libinit2.o(.ARM.Collect$$libinit$$0000001F)
    .ARM.Collect$$libinit$$00000021          0x0800024a   Section        0  libinit2.o(.ARM.Collect$$libinit$$00000021)
    .ARM.Collect$$libinit$$00000023          0x0800024a   Section        0  libinit2.o(.ARM.Collect$$libinit$$00000023)
    .ARM.Collect$$libinit$$0000002A          0x0800024a   Section        0  libinit2.o(.ARM.Collect$$libinit$$0000002A)
    .ARM.Collect$$libinit$$0000002C          0x0800024a   Section        0  libinit2.o(.ARM.Collect$$libinit$$0000002C)
    .ARM.Collect$$libinit$$0000002E          0x0800024a   Section        0  libinit2.o(.ARM.Collect$$libinit$$0000002E)
    .ARM.Collect$$libinit$$00000030          0x0800024a   Section        0  libinit2.o(.ARM.Collect$$libinit$$00000030)
    .ARM.Collect$$libinit$$00000031          0x0800024a   Section        2  libinit2.o(.ARM.Collect$$libinit$$00000031)
    .ARM.Collect$$libshutdown$$00000000      0x0800024c   Section        2  libshutdown.o(.ARM.Collect$$libshutdown$$00000000)
    .ARM.Collect$$libshutdown$$00000003      0x0800024e   Section        0  libshutdown2.o(.ARM.Collect$$libshutdown$$00000003)
    .ARM.Collect$$libshutdown$$00000006      0x0800024e   Section        0  libshutdown2.o(.ARM.Collect$$libshutdown$$00000006)
    .ARM.Collect$$libshutdown$$00000009      0x0800024e   Section        0  libshutdown2.o(.ARM.Collect$$libshutdown$$00000009)
    .ARM.Collect$$libshutdown$$0000000B      0x0800024e   Section        0  libshutdown2.o(.ARM.Collect$$libshutdown$$0000000B)
    .ARM.Collect$$libshutdown$$0000000E      0x0800024e   Section        0  libshutdown2.o(.ARM.Collect$$libshutdown$$0000000E)
    .ARM.Collect$$libshutdown$$0000000F      0x0800024e   Section        2  libshutdown2.o(.ARM.Collect$$libshutdown$$0000000F)
    .ARM.Collect$$rtentry$$00000000          0x08000250   Section        0  rtentry.o(.ARM.Collect$$rtentry$$00000000)
    .ARM.Collect$$rtentry$$00000002          0x08000250   Section        0  rtentry2.o(.ARM.Collect$$rtentry$$00000002)
    .ARM.Collect$$rtentry$$00000004          0x08000250   Section        6  rtentry4.o(.ARM.Collect$$rtentry$$00000004)
    .ARM.Collect$$rtentry$$00000009          0x08000256   Section        0  rtentry2.o(.ARM.Collect$$rtentry$$00000009)
    .ARM.Collect$$rtentry$$0000000A          0x08000256   Section        4  rtentry2.o(.ARM.Collect$$rtentry$$0000000A)
    .ARM.Collect$$rtentry$$0000000C          0x0800025a   Section        0  rtentry2.o(.ARM.Collect$$rtentry$$0000000C)
    .ARM.Collect$$rtentry$$0000000D          0x0800025a   Section        8  rtentry2.o(.ARM.Collect$$rtentry$$0000000D)
    .ARM.Collect$$rtexit$$00000000           0x08000262   Section        2  rtexit.o(.ARM.Collect$$rtexit$$00000000)
    .ARM.Collect$$rtexit$$00000002           0x08000264   Section        0  rtexit2.o(.ARM.Collect$$rtexit$$00000002)
    .ARM.Collect$$rtexit$$00000003           0x08000264   Section        4  rtexit2.o(.ARM.Collect$$rtexit$$00000003)
    .ARM.Collect$$rtexit$$00000004           0x08000268   Section        6  rtexit2.o(.ARM.Collect$$rtexit$$00000004)
    .emb_text                                0x08000270   Section        0  maybetermalloc1.o(.emb_text)
    .text                                    0x08000270   Section       64  startup_stm32f4xx.o(.text)
    $v0                                      0x08000270   Number         0  startup_stm32f4xx.o(.text)
    .text                                    0x080002b0   Section        0  tm_stm32f4_i2c.o(.text)
    .text                                    0x08000b50   Section        0  tm_stm32f4_mpu6050.o(.text)
    .text                                    0x08000dc0   Section        0  main.o(.text)
    .text                                    0x08001538   Section        0  uart_dma.o(.text)
    .text                                    0x08001744   Section        0  pwm.o(.text)
    .text                                    0x08001848   Section        0  encoder.o(.text)
    .text                                    0x08001918   Section        0  filter.o(.text)
    .text                                    0x08001b44   Section        0  matrix.o(.text)
    .text                                    0x08002058   Section        0  misc.o(.text)
    .text                                    0x08002114   Section        0  stm32f4xx_dma.o(.text)
    .text                                    0x080024bc   Section        0  stm32f4xx_gpio.o(.text)
    .text                                    0x080026f4   Section        0  stm32f4xx_rcc.o(.text)
    .text                                    0x08002afc   Section        0  stm32f4xx_tim.o(.text)
    .text                                    0x08003710   Section        0  stm32f4xx_usart.o(.text)
    .text                                    0x08003a98   Section        0  stm32f4xx_i2c.o(.text)
    .text                                    0x08003de4   Section        0  system_stm32f4xx.o(.text)
    .text                                    0x08003f68   Section        0  calloc.o(.text)
    .text                                    0x08003f90   Section        0  h1_free.o(.text)
    .text                                    0x08003fde   Section        0  heapauxi.o(.text)
    .text                                    0x08003fe4   Section        8  rt_heap_descriptor_intlibspace.o(.text)
    .text                                    0x08003fec   Section        0  hguard.o(.text)
    .text                                    0x08003ff0   Section        0  init_alloc.o(.text)
    .text                                    0x0800407a   Section        0  h1_alloc.o(.text)
    .text                                    0x080040d8   Section       68  rt_memclr.o(.text)
    .text                                    0x0800411c   Section        8  libspace.o(.text)
    .text                                    0x08004124   Section        0  h1_init.o(.text)
    .text                                    0x08004132   Section        0  h1_extend.o(.text)
    .text                                    0x08004166   Section        0  defsig_rtmem_outer.o(.text)
    .text                                    0x08004174   Section       78  rt_memclr_w.o(.text)
    .text                                    0x080041c2   Section       74  sys_stackheap_outer.o(.text)
    .text                                    0x0800420c   Section        0  exit.o(.text)
    .text                                    0x08004218   Section        0  defsig_exit.o(.text)
    .text                                    0x08004224   Section        0  defsig_rtmem_inner.o(.text)
    .text                                    0x08004274   Section        0  sys_exit.o(.text)
    .text                                    0x08004280   Section        2  use_no_semi.o(.text)
    .text                                    0x08004282   Section        0  defsig_general.o(.text)
    .text                                    0x08004282   Section        0  indicate_semi.o(.text)
    .text                                    0x080042b4   Section        0  sys_wrch.o(.text)
    i.__ARM_fpclassifyf                      0x080042c2   Section        0  fpclassifyf.o(i.__ARM_fpclassifyf)
    i.__hardfp_atan2f                        0x080042e8   Section        0  atan2f.o(i.__hardfp_atan2f)
    i.__mathlib_flt_underflow                0x08004530   Section        0  funder.o(i.__mathlib_flt_underflow)
    x$fpl$fpinit                             0x08004540   Section       10  fpinit.o(x$fpl$fpinit)
    $v0                                      0x08004540   Number         0  fpinit.o(x$fpl$fpinit)
    x$fpl$usenofp                            0x0800454a   Section        0  usenofp.o(x$fpl$usenofp)
    .constdata                               0x0800454c   Section       72  filter.o(.constdata)
    .data                                    0x20000000   Section       24  tm_stm32f4_i2c.o(.data)
    .data                                    0x20000018   Section      236  main.o(.data)
    rxindex                                  0x20000018   Data           1  main.o(.data)
    i                                        0x20000019   Data           1  main.o(.data)
    ticker                                   0x2000001e   Data           2  main.o(.data)
    ticker                                   0x20000020   Data           2  main.o(.data)
    rx_data                                  0x20000030   Data           4  main.o(.data)
    .data                                    0x20000104   Section       20  filter.o(.data)
    ylast                                    0x20000104   Data           4  filter.o(.data)
    xlast                                    0x20000108   Data           4  filter.o(.data)
    ylast                                    0x2000010c   Data           4  filter.o(.data)
    x_hat                                    0x20000110   Data           4  filter.o(.data)
    P                                        0x20000114   Data           4  filter.o(.data)
    .data                                    0x20000118   Section       16  stm32f4xx_rcc.o(.data)
    APBAHBPrescTable                         0x20000118   Data          16  stm32f4xx_rcc.o(.data)
    .data                                    0x20000128   Section       20  system_stm32f4xx.o(.data)
    .bss                                     0x2000013c   Section       92  main.o(.bss)
    .bss                                     0x20000198   Section       48  filter.o(.bss)
    x_hat                                    0x20000198   Data          12  filter.o(.bss)
    P                                        0x200001a4   Data          36  filter.o(.bss)
    .bss                                     0x200001c8   Section       96  libspace.o(.bss)
    HEAP                                     0x20000228   Section      512  startup_stm32f4xx.o(HEAP)
    Heap_Mem                                 0x20000228   Data         512  startup_stm32f4xx.o(HEAP)
    STACK                                    0x20000428   Section     1024  startup_stm32f4xx.o(STACK)
    Stack_Mem                                0x20000428   Data        1024  startup_stm32f4xx.o(STACK)
    __initial_sp                             0x20000828   Data           0  startup_stm32f4xx.o(STACK)

    Global Symbols

    Symbol Name                              Value     Ov Type        Size  Object(Section)

    BuildAttributes$$THM_ISAv4$E$P$D$K$B$S$7EM$VFPi3$EXTD16$VFPS$VFMA$PE$A:L22UL41UL21$X:L11$S22US41US21$IEEE1$IW$USESV6$~STKCKD$USESV7$~SHL$OTIME$ROPI$IEEEX$EBA8$UX$STANDARDLIB$REQ8$PRES8$EABIv2 0x00000000   Number         0  anon$$obj.o ABSOLUTE
    __ARM_use_no_argv                        0x00000000   Number         0  main.o ABSOLUTE
    __ARM_exceptions_init                     - Undefined Weak Reference
    __alloca_initialize                       - Undefined Weak Reference
    __cpp_initialize__aeabi_                  - Undefined Weak Reference
    __cxa_finalize                            - Undefined Weak Reference
    __rt_locale                               - Undefined Weak Reference
    __sigvec_lookup                           - Undefined Weak Reference
    __user_heap_extent                        - Undefined Weak Reference
    _atexit_init                              - Undefined Weak Reference
    _call_atexit_fns                          - Undefined Weak Reference
    _clock_init                               - Undefined Weak Reference
    _fp_trap_init                             - Undefined Weak Reference
    _fp_trap_shutdown                         - Undefined Weak Reference
    _get_lc_collate                           - Undefined Weak Reference
    _get_lc_ctype                             - Undefined Weak Reference
    _get_lc_monetary                          - Undefined Weak Reference
    _get_lc_numeric                           - Undefined Weak Reference
    _get_lc_time                              - Undefined Weak Reference
    _getenv_init                              - Undefined Weak Reference
    _handle_redirection                       - Undefined Weak Reference
    _initio                                   - Undefined Weak Reference
    _mutex_acquire                            - Undefined Weak Reference
    _mutex_free                               - Undefined Weak Reference
    _mutex_release                            - Undefined Weak Reference
    _rand_init                                - Undefined Weak Reference
    _signal_finish                            - Undefined Weak Reference
    _signal_init                              - Undefined Weak Reference
    _terminateio                              - Undefined Weak Reference
    __Vectors_Size                           0x00000188   Number         0  startup_stm32f4xx.o ABSOLUTE
    __Vectors                                0x08000000   Data           4  startup_stm32f4xx.o(RESET)
    __Vectors_End                            0x08000188   Data           0  startup_stm32f4xx.o(RESET)
    __main                                   0x08000189   Thumb Code     8  __main.o(!!!main)
    __scatterload                            0x08000191   Thumb Code     0  __scatter.o(!!!scatter)
    __scatterload_rt2                        0x08000191   Thumb Code    44  __scatter.o(!!!scatter)
    __scatterload_rt2_thumb_only             0x08000191   Thumb Code     0  __scatter.o(!!!scatter)
    __scatterload_null                       0x0800019f   Thumb Code     0  __scatter.o(!!!scatter)
    __decompress                             0x080001c5   Thumb Code    90  __dczerorl2.o(!!dczerorl2)
    __decompress1                            0x080001c5   Thumb Code     0  __dczerorl2.o(!!dczerorl2)
    __scatterload_zeroinit                   0x08000221   Thumb Code    28  __scatter_zi.o(!!handler_zi)
    __rt_lib_init                            0x0800023d   Thumb Code     0  libinit.o(.ARM.Collect$$libinit$$00000000)
    __rt_lib_init_fp_1                       0x0800023f   Thumb Code     0  libinit2.o(.ARM.Collect$$libinit$$00000001)
    __rt_lib_init_heap_2                     0x08000243   Thumb Code     0  libinit2.o(.ARM.Collect$$libinit$$00000003)
    __rt_lib_init_alloca_1                   0x0800024b   Thumb Code     0  libinit2.o(.ARM.Collect$$libinit$$0000002C)
    __rt_lib_init_argv_1                     0x0800024b   Thumb Code     0  libinit2.o(.ARM.Collect$$libinit$$0000002A)
    __rt_lib_init_atexit_1                   0x0800024b   Thumb Code     0  libinit2.o(.ARM.Collect$$libinit$$00000019)
    __rt_lib_init_clock_1                    0x0800024b   Thumb Code     0  libinit2.o(.ARM.Collect$$libinit$$0000001F)
    __rt_lib_init_cpp_1                      0x0800024b   Thumb Code     0  libinit2.o(.ARM.Collect$$libinit$$00000030)
    __rt_lib_init_exceptions_1               0x0800024b   Thumb Code     0  libinit2.o(.ARM.Collect$$libinit$$0000002E)
    __rt_lib_init_fp_trap_1                  0x0800024b   Thumb Code     0  libinit2.o(.ARM.Collect$$libinit$$0000001D)
    __rt_lib_init_getenv_1                   0x0800024b   Thumb Code     0  libinit2.o(.ARM.Collect$$libinit$$00000021)
    __rt_lib_init_heap_1                     0x0800024b   Thumb Code     0  libinit2.o(.ARM.Collect$$libinit$$00000008)
    __rt_lib_init_lc_collate_1               0x0800024b   Thumb Code     0  libinit2.o(.ARM.Collect$$libinit$$0000000F)
    __rt_lib_init_lc_ctype_1                 0x0800024b   Thumb Code     0  libinit2.o(.ARM.Collect$$libinit$$00000011)
    __rt_lib_init_lc_monetary_1              0x0800024b   Thumb Code     0  libinit2.o(.ARM.Collect$$libinit$$00000013)
    __rt_lib_init_lc_numeric_1               0x0800024b   Thumb Code     0  libinit2.o(.ARM.Collect$$libinit$$00000015)
    __rt_lib_init_lc_time_1                  0x0800024b   Thumb Code     0  libinit2.o(.ARM.Collect$$libinit$$00000017)
    __rt_lib_init_rand_1                     0x0800024b   Thumb Code     0  libinit2.o(.ARM.Collect$$libinit$$0000000C)
    __rt_lib_init_return                     0x0800024b   Thumb Code     0  libinit2.o(.ARM.Collect$$libinit$$00000031)
    __rt_lib_init_signal_1                   0x0800024b   Thumb Code     0  libinit2.o(.ARM.Collect$$libinit$$0000001B)
    __rt_lib_init_stdio_1                    0x0800024b   Thumb Code     0  libinit2.o(.ARM.Collect$$libinit$$00000023)
    __rt_lib_init_user_alloc_1               0x0800024b   Thumb Code     0  libinit2.o(.ARM.Collect$$libinit$$0000000A)
    __rt_lib_shutdown                        0x0800024d   Thumb Code     0  libshutdown.o(.ARM.Collect$$libshutdown$$00000000)
    __rt_lib_shutdown_fp_trap_1              0x0800024f   Thumb Code     0  libshutdown2.o(.ARM.Collect$$libshutdown$$00000006)
    __rt_lib_shutdown_heap_1                 0x0800024f   Thumb Code     0  libshutdown2.o(.ARM.Collect$$libshutdown$$0000000E)
    __rt_lib_shutdown_return                 0x0800024f   Thumb Code     0  libshutdown2.o(.ARM.Collect$$libshutdown$$0000000F)
    __rt_lib_shutdown_signal_1               0x0800024f   Thumb Code     0  libshutdown2.o(.ARM.Collect$$libshutdown$$00000009)
    __rt_lib_shutdown_stdio_1                0x0800024f   Thumb Code     0  libshutdown2.o(.ARM.Collect$$libshutdown$$00000003)
    __rt_lib_shutdown_user_alloc_1           0x0800024f   Thumb Code     0  libshutdown2.o(.ARM.Collect$$libshutdown$$0000000B)
    __rt_entry                               0x08000251   Thumb Code     0  rtentry.o(.ARM.Collect$$rtentry$$00000000)
    __rt_entry_presh_1                       0x08000251   Thumb Code     0  rtentry2.o(.ARM.Collect$$rtentry$$00000002)
    __rt_entry_sh                            0x08000251   Thumb Code     0  rtentry4.o(.ARM.Collect$$rtentry$$00000004)
    __rt_entry_li                            0x08000257   Thumb Code     0  rtentry2.o(.ARM.Collect$$rtentry$$0000000A)
    __rt_entry_postsh_1                      0x08000257   Thumb Code     0  rtentry2.o(.ARM.Collect$$rtentry$$00000009)
    __rt_entry_main                          0x0800025b   Thumb Code     0  rtentry2.o(.ARM.Collect$$rtentry$$0000000D)
    __rt_entry_postli_1                      0x0800025b   Thumb Code     0  rtentry2.o(.ARM.Collect$$rtentry$$0000000C)
    __rt_exit                                0x08000263   Thumb Code     0  rtexit.o(.ARM.Collect$$rtexit$$00000000)
    __rt_exit_ls                             0x08000265   Thumb Code     0  rtexit2.o(.ARM.Collect$$rtexit$$00000003)
    __rt_exit_prels_1                        0x08000265   Thumb Code     0  rtexit2.o(.ARM.Collect$$rtexit$$00000002)
    __rt_exit_exit                           0x08000269   Thumb Code     0  rtexit2.o(.ARM.Collect$$rtexit$$00000004)
    Reset_Handler                            0x08000271   Thumb Code     8  startup_stm32f4xx.o(.text)
    _maybe_terminate_alloc                   0x08000271   Thumb Code     0  maybetermalloc1.o(.emb_text)
    NMI_Handler                              0x08000279   Thumb Code     2  startup_stm32f4xx.o(.text)
    HardFault_Handler                        0x0800027b   Thumb Code     2  startup_stm32f4xx.o(.text)
    MemManage_Handler                        0x0800027d   Thumb Code     2  startup_stm32f4xx.o(.text)
    BusFault_Handler                         0x0800027f   Thumb Code     2  startup_stm32f4xx.o(.text)
    UsageFault_Handler                       0x08000281   Thumb Code     2  startup_stm32f4xx.o(.text)
    SVC_Handler                              0x08000283   Thumb Code     2  startup_stm32f4xx.o(.text)
    DebugMon_Handler                         0x08000285   Thumb Code     2  startup_stm32f4xx.o(.text)
    PendSV_Handler                           0x08000287   Thumb Code     2  startup_stm32f4xx.o(.text)
    ADC_IRQHandler                           0x0800028b   Thumb Code     0  startup_stm32f4xx.o(.text)
    CAN1_RX0_IRQHandler                      0x0800028b   Thumb Code     0  startup_stm32f4xx.o(.text)
    CAN1_RX1_IRQHandler                      0x0800028b   Thumb Code     0  startup_stm32f4xx.o(.text)
    CAN1_SCE_IRQHandler                      0x0800028b   Thumb Code     0  startup_stm32f4xx.o(.text)
    CAN1_TX_IRQHandler                       0x0800028b   Thumb Code     0  startup_stm32f4xx.o(.text)
    CAN2_RX0_IRQHandler                      0x0800028b   Thumb Code     0  startup_stm32f4xx.o(.text)
    CAN2_RX1_IRQHandler                      0x0800028b   Thumb Code     0  startup_stm32f4xx.o(.text)
    CAN2_SCE_IRQHandler                      0x0800028b   Thumb Code     0  startup_stm32f4xx.o(.text)
    CAN2_TX_IRQHandler                       0x0800028b   Thumb Code     0  startup_stm32f4xx.o(.text)
    CRYP_IRQHandler                          0x0800028b   Thumb Code     0  startup_stm32f4xx.o(.text)
    DCMI_IRQHandler                          0x0800028b   Thumb Code     0  startup_stm32f4xx.o(.text)
    DMA1_Stream0_IRQHandler                  0x0800028b   Thumb Code     0  startup_stm32f4xx.o(.text)
    DMA1_Stream1_IRQHandler                  0x0800028b   Thumb Code     0  startup_stm32f4xx.o(.text)
    DMA1_Stream2_IRQHandler                  0x0800028b   Thumb Code     0  startup_stm32f4xx.o(.text)
    DMA1_Stream3_IRQHandler                  0x0800028b   Thumb Code     0  startup_stm32f4xx.o(.text)
    DMA1_Stream4_IRQHandler                  0x0800028b   Thumb Code     0  startup_stm32f4xx.o(.text)
    DMA1_Stream5_IRQHandler                  0x0800028b   Thumb Code     0  startup_stm32f4xx.o(.text)
    DMA1_Stream6_IRQHandler                  0x0800028b   Thumb Code     0  startup_stm32f4xx.o(.text)
    DMA1_Stream7_IRQHandler                  0x0800028b   Thumb Code     0  startup_stm32f4xx.o(.text)
    DMA2_Stream0_IRQHandler                  0x0800028b   Thumb Code     0  startup_stm32f4xx.o(.text)
    DMA2_Stream1_IRQHandler                  0x0800028b   Thumb Code     0  startup_stm32f4xx.o(.text)
    DMA2_Stream2_IRQHandler                  0x0800028b   Thumb Code     0  startup_stm32f4xx.o(.text)
    DMA2_Stream3_IRQHandler                  0x0800028b   Thumb Code     0  startup_stm32f4xx.o(.text)
    DMA2_Stream4_IRQHandler                  0x0800028b   Thumb Code     0  startup_stm32f4xx.o(.text)
    DMA2_Stream5_IRQHandler                  0x0800028b   Thumb Code     0  startup_stm32f4xx.o(.text)
    DMA2_Stream6_IRQHandler                  0x0800028b   Thumb Code     0  startup_stm32f4xx.o(.text)
    DMA2_Stream7_IRQHandler                  0x0800028b   Thumb Code     0  startup_stm32f4xx.o(.text)
    ETH_IRQHandler                           0x0800028b   Thumb Code     0  startup_stm32f4xx.o(.text)
    ETH_WKUP_IRQHandler                      0x0800028b   Thumb Code     0  startup_stm32f4xx.o(.text)
    EXTI0_IRQHandler                         0x0800028b   Thumb Code     0  startup_stm32f4xx.o(.text)
    EXTI15_10_IRQHandler                     0x0800028b   Thumb Code     0  startup_stm32f4xx.o(.text)
    EXTI1_IRQHandler                         0x0800028b   Thumb Code     0  startup_stm32f4xx.o(.text)
    EXTI2_IRQHandler                         0x0800028b   Thumb Code     0  startup_stm32f4xx.o(.text)
    EXTI3_IRQHandler                         0x0800028b   Thumb Code     0  startup_stm32f4xx.o(.text)
    EXTI4_IRQHandler                         0x0800028b   Thumb Code     0  startup_stm32f4xx.o(.text)
    EXTI9_5_IRQHandler                       0x0800028b   Thumb Code     0  startup_stm32f4xx.o(.text)
    FLASH_IRQHandler                         0x0800028b   Thumb Code     0  startup_stm32f4xx.o(.text)
    FPU_IRQHandler                           0x0800028b   Thumb Code     0  startup_stm32f4xx.o(.text)
    FSMC_IRQHandler                          0x0800028b   Thumb Code     0  startup_stm32f4xx.o(.text)
    HASH_RNG_IRQHandler                      0x0800028b   Thumb Code     0  startup_stm32f4xx.o(.text)
    I2C1_ER_IRQHandler                       0x0800028b   Thumb Code     0  startup_stm32f4xx.o(.text)
    I2C1_EV_IRQHandler                       0x0800028b   Thumb Code     0  startup_stm32f4xx.o(.text)
    I2C2_ER_IRQHandler                       0x0800028b   Thumb Code     0  startup_stm32f4xx.o(.text)
    I2C2_EV_IRQHandler                       0x0800028b   Thumb Code     0  startup_stm32f4xx.o(.text)
    I2C3_ER_IRQHandler                       0x0800028b   Thumb Code     0  startup_stm32f4xx.o(.text)
    I2C3_EV_IRQHandler                       0x0800028b   Thumb Code     0  startup_stm32f4xx.o(.text)
    OTG_FS_IRQHandler                        0x0800028b   Thumb Code     0  startup_stm32f4xx.o(.text)
    OTG_FS_WKUP_IRQHandler                   0x0800028b   Thumb Code     0  startup_stm32f4xx.o(.text)
    OTG_HS_EP1_IN_IRQHandler                 0x0800028b   Thumb Code     0  startup_stm32f4xx.o(.text)
    OTG_HS_EP1_OUT_IRQHandler                0x0800028b   Thumb Code     0  startup_stm32f4xx.o(.text)
    OTG_HS_IRQHandler                        0x0800028b   Thumb Code     0  startup_stm32f4xx.o(.text)
    OTG_HS_WKUP_IRQHandler                   0x0800028b   Thumb Code     0  startup_stm32f4xx.o(.text)
    PVD_IRQHandler                           0x0800028b   Thumb Code     0  startup_stm32f4xx.o(.text)
    RCC_IRQHandler                           0x0800028b   Thumb Code     0  startup_stm32f4xx.o(.text)
    RTC_Alarm_IRQHandler                     0x0800028b   Thumb Code     0  startup_stm32f4xx.o(.text)
    RTC_WKUP_IRQHandler                      0x0800028b   Thumb Code     0  startup_stm32f4xx.o(.text)
    SDIO_IRQHandler                          0x0800028b   Thumb Code     0  startup_stm32f4xx.o(.text)
    SPI1_IRQHandler                          0x0800028b   Thumb Code     0  startup_stm32f4xx.o(.text)
    SPI2_IRQHandler                          0x0800028b   Thumb Code     0  startup_stm32f4xx.o(.text)
    SPI3_IRQHandler                          0x0800028b   Thumb Code     0  startup_stm32f4xx.o(.text)
    TAMP_STAMP_IRQHandler                    0x0800028b   Thumb Code     0  startup_stm32f4xx.o(.text)
    TIM1_BRK_TIM9_IRQHandler                 0x0800028b   Thumb Code     0  startup_stm32f4xx.o(.text)
    TIM1_CC_IRQHandler                       0x0800028b   Thumb Code     0  startup_stm32f4xx.o(.text)
    TIM1_TRG_COM_TIM11_IRQHandler            0x0800028b   Thumb Code     0  startup_stm32f4xx.o(.text)
    TIM1_UP_TIM10_IRQHandler                 0x0800028b   Thumb Code     0  startup_stm32f4xx.o(.text)
    TIM2_IRQHandler                          0x0800028b   Thumb Code     0  startup_stm32f4xx.o(.text)
    TIM3_IRQHandler                          0x0800028b   Thumb Code     0  startup_stm32f4xx.o(.text)
    TIM4_IRQHandler                          0x0800028b   Thumb Code     0  startup_stm32f4xx.o(.text)
    TIM5_IRQHandler                          0x0800028b   Thumb Code     0  startup_stm32f4xx.o(.text)
    TIM6_DAC_IRQHandler                      0x0800028b   Thumb Code     0  startup_stm32f4xx.o(.text)
    TIM7_IRQHandler                          0x0800028b   Thumb Code     0  startup_stm32f4xx.o(.text)
    TIM8_BRK_TIM12_IRQHandler                0x0800028b   Thumb Code     0  startup_stm32f4xx.o(.text)
    TIM8_CC_IRQHandler                       0x0800028b   Thumb Code     0  startup_stm32f4xx.o(.text)
    TIM8_TRG_COM_TIM14_IRQHandler            0x0800028b   Thumb Code     0  startup_stm32f4xx.o(.text)
    TIM8_UP_TIM13_IRQHandler                 0x0800028b   Thumb Code     0  startup_stm32f4xx.o(.text)
    UART4_IRQHandler                         0x0800028b   Thumb Code     0  startup_stm32f4xx.o(.text)
    UART5_IRQHandler                         0x0800028b   Thumb Code     0  startup_stm32f4xx.o(.text)
    USART1_IRQHandler                        0x0800028b   Thumb Code     0  startup_stm32f4xx.o(.text)
    USART3_IRQHandler                        0x0800028b   Thumb Code     0  startup_stm32f4xx.o(.text)
    USART6_IRQHandler                        0x0800028b   Thumb Code     0  startup_stm32f4xx.o(.text)
    WWDG_IRQHandler                          0x0800028b   Thumb Code     0  startup_stm32f4xx.o(.text)
    __user_initial_stackheap                 0x0800028d   Thumb Code     0  startup_stm32f4xx.o(.text)
    TM_I2C3_InitPins                         0x080002b1   Thumb Code   128  tm_stm32f4_i2c.o(.text)
    TM_I2C2_InitPins                         0x08000331   Thumb Code   156  tm_stm32f4_i2c.o(.text)
    TM_I2C1_InitPins                         0x080003cd   Thumb Code   120  tm_stm32f4_i2c.o(.text)
    TM_I2C_Init                              0x08000445   Thumb Code   640  tm_stm32f4_i2c.o(.text)
    TM_I2C_ReadNack                          0x080006c5   Thumb Code    60  tm_stm32f4_i2c.o(.text)
    TM_I2C_Start                             0x08000701   Thumb Code   154  tm_stm32f4_i2c.o(.text)
    TM_I2C_Stop                              0x0800079b   Thumb Code    68  tm_stm32f4_i2c.o(.text)
    TM_I2C_WriteData                         0x080007df   Thumb Code    52  tm_stm32f4_i2c.o(.text)
    TM_I2C_Read                              0x08000813   Thumb Code   130  tm_stm32f4_i2c.o(.text)
    TM_I2C_Write                             0x08000895   Thumb Code   102  tm_stm32f4_i2c.o(.text)
    TM_I2C_ReadAck                           0x080008fb   Thumb Code    52  tm_stm32f4_i2c.o(.text)
    TM_I2C_ReadMulti                         0x0800092f   Thumb Code   206  tm_stm32f4_i2c.o(.text)
    TM_I2C_ReadMultiNoRegister               0x080009fd   Thumb Code   146  tm_stm32f4_i2c.o(.text)
    TM_I2C_WriteMulti                        0x08000a8f   Thumb Code   164  tm_stm32f4_i2c.o(.text)
    TM_I2C_IsDeviceConnected                 0x08000b33   Thumb Code    30  tm_stm32f4_i2c.o(.text)
    TM_MPU6050_Init                          0x08000b51   Thumb Code   144  tm_stm32f4_mpu6050.o(.text)
    TM_MPU6050_ReadAccelerometer             0x08000be1   Thumb Code    88  tm_stm32f4_mpu6050.o(.text)
    TM_MPU6050_ReadGyroscope                 0x08000c39   Thumb Code    88  tm_stm32f4_mpu6050.o(.text)
    TM_MPU6050_ReadTemperature               0x08000c91   Thumb Code    64  tm_stm32f4_mpu6050.o(.text)
    TM_MPU6050_ReadAll                       0x08000cd1   Thumb Code   216  tm_stm32f4_mpu6050.o(.text)
    Delay                                    0x08000dc1   Thumb Code    28  main.o(.text)
    main                                     0x08000ddd   Thumb Code   106  main.o(.text)
    USART2_IRQHandler                        0x08000e47   Thumb Code   192  main.o(.text)
    SEND_UART                                0x08000f07   Thumb Code   100  main.o(.text)
    ResetPID                                 0x08000f6b   Thumb Code    10  main.o(.text)
    PWM                                      0x08000f75   Thumb Code   180  main.o(.text)
    PID                                      0x08001029   Thumb Code   250  main.o(.text)
    RPM                                      0x08001123   Thumb Code   102  main.o(.text)
    MAIN_PROG                                0x08001189   Thumb Code   742  main.o(.text)
    SysTick_Handler                          0x0800146f   Thumb Code   112  main.o(.text)
    GetTicker                                0x080014df   Thumb Code     6  main.o(.text)
    UART_DMA_CONFIG                          0x08001539   Thumb Code   216  uart_dma.o(.text)
    USART_config                             0x08001611   Thumb Code    62  uart_dma.o(.text)
    DMA_TX                                   0x0800164f   Thumb Code    78  uart_dma.o(.text)
    SENDDATA                                 0x0800169d   Thumb Code   150  uart_dma.o(.text)
    TIM_Config                               0x08001745   Thumb Code   128  pwm.o(.text)
    PWM_Config                               0x080017c5   Thumb Code   124  pwm.o(.text)
    ENC_Config                               0x08001849   Thumb Code   190  encoder.o(.text)
    EncoderValue                             0x08001907   Thumb Code     4  encoder.o(.text)
    LPF                                      0x08001919   Thumb Code    60  filter.o(.text)
    HPF                                      0x08001955   Thumb Code    72  filter.o(.text)
    kalman_single                            0x0800199d   Thumb Code    64  filter.o(.text)
    kalman                                   0x080019dd   Thumb Code   310  filter.o(.text)
    Smooth_filter                            0x08001b13   Thumb Code    30  filter.o(.text)
    matrix_multiply                          0x08001b45   Thumb Code   186  matrix.o(.text)
    matrix_addition                          0x08001bff   Thumb Code   142  matrix.o(.text)
    matrix_subtraction                       0x08001c8d   Thumb Code   140  matrix.o(.text)
    matrix_transpose                         0x08001d19   Thumb Code   112  matrix.o(.text)
    matrix_copy                              0x08001d89   Thumb Code    70  matrix.o(.text)
    matrix_inversion                         0x08001dcf   Thumb Code   650  matrix.o(.text)
    NVIC_PriorityGroupConfig                 0x08002059   Thumb Code    14  misc.o(.text)
    NVIC_Init                                0x08002067   Thumb Code   102  misc.o(.text)
    NVIC_SetVectorTable                      0x080020cd   Thumb Code    16  misc.o(.text)
    NVIC_SystemLPConfig                      0x080020dd   Thumb Code    18  misc.o(.text)
    SysTick_CLKSourceConfig                  0x080020ef   Thumb Code    22  misc.o(.text)
    DMA_DeInit                               0x08002115   Thumb Code   298  stm32f4xx_dma.o(.text)
    DMA_Init                                 0x0800223f   Thumb Code   116  stm32f4xx_dma.o(.text)
    DMA_StructInit                           0x080022b3   Thumb Code    34  stm32f4xx_dma.o(.text)
    DMA_Cmd                                  0x080022d5   Thumb Code    18  stm32f4xx_dma.o(.text)
    DMA_PeriphIncOffsetSizeConfig            0x080022e7   Thumb Code    18  stm32f4xx_dma.o(.text)
    DMA_FlowControllerConfig                 0x080022f9   Thumb Code    18  stm32f4xx_dma.o(.text)
    DMA_SetCurrDataCounter                   0x0800230b   Thumb Code     4  stm32f4xx_dma.o(.text)
    DMA_GetCurrDataCounter                   0x0800230f   Thumb Code     6  stm32f4xx_dma.o(.text)
    DMA_DoubleBufferModeConfig               0x08002315   Thumb Code    20  stm32f4xx_dma.o(.text)
    DMA_DoubleBufferModeCmd                  0x08002329   Thumb Code    18  stm32f4xx_dma.o(.text)
    DMA_MemoryTargetConfig                   0x0800233b   Thumb Code    10  stm32f4xx_dma.o(.text)
    DMA_GetCurrentMemoryTarget               0x08002345   Thumb Code    16  stm32f4xx_dma.o(.text)
    DMA_GetCmdStatus                         0x08002355   Thumb Code    16  stm32f4xx_dma.o(.text)
    DMA_GetFIFOStatus                        0x08002365   Thumb Code     8  stm32f4xx_dma.o(.text)
    DMA_GetFlagStatus                        0x0800236d   Thumb Code    36  stm32f4xx_dma.o(.text)
    DMA_ClearFlag                            0x08002391   Thumb Code    28  stm32f4xx_dma.o(.text)
    DMA_ITConfig                             0x080023ad   Thumb Code    64  stm32f4xx_dma.o(.text)
    DMA_GetITStatus                          0x080023ed   Thumb Code    74  stm32f4xx_dma.o(.text)
    DMA_ClearITPendingBit                    0x08002437   Thumb Code    28  stm32f4xx_dma.o(.text)
    GPIO_DeInit                              0x080024bd   Thumb Code   276  stm32f4xx_gpio.o(.text)
    GPIO_Init                                0x080025d1   Thumb Code   144  stm32f4xx_gpio.o(.text)
    GPIO_StructInit                          0x08002661   Thumb Code    18  stm32f4xx_gpio.o(.text)
    GPIO_PinLockConfig                       0x08002673   Thumb Code    26  stm32f4xx_gpio.o(.text)
    GPIO_ReadInputDataBit                    0x0800268d   Thumb Code    14  stm32f4xx_gpio.o(.text)
    GPIO_ReadInputData                       0x0800269b   Thumb Code     6  stm32f4xx_gpio.o(.text)
    GPIO_ReadOutputDataBit                   0x080026a1   Thumb Code    14  stm32f4xx_gpio.o(.text)
    GPIO_ReadOutputData                      0x080026af   Thumb Code     6  stm32f4xx_gpio.o(.text)
    GPIO_SetBits                             0x080026b5   Thumb Code     4  stm32f4xx_gpio.o(.text)
    GPIO_ResetBits                           0x080026b9   Thumb Code     4  stm32f4xx_gpio.o(.text)
    GPIO_WriteBit                            0x080026bd   Thumb Code    10  stm32f4xx_gpio.o(.text)
    GPIO_Write                               0x080026c7   Thumb Code     4  stm32f4xx_gpio.o(.text)
    GPIO_ToggleBits                          0x080026cb   Thumb Code     8  stm32f4xx_gpio.o(.text)
    GPIO_PinAFConfig                         0x080026d3   Thumb Code    34  stm32f4xx_gpio.o(.text)
    RCC_DeInit                               0x080026f5   Thumb Code    48  stm32f4xx_rcc.o(.text)
    RCC_HSEConfig                            0x08002725   Thumb Code    10  stm32f4xx_rcc.o(.text)
    RCC_GetFlagStatus                        0x0800272f   Thumb Code    44  stm32f4xx_rcc.o(.text)
    RCC_WaitForHSEStartUp                    0x0800275b   Thumb Code    50  stm32f4xx_rcc.o(.text)
    RCC_AdjustHSICalibrationValue            0x0800278d   Thumb Code    16  stm32f4xx_rcc.o(.text)
    RCC_HSICmd                               0x0800279d   Thumb Code     6  stm32f4xx_rcc.o(.text)
    RCC_LSEConfig                            0x080027a3   Thumb Code    24  stm32f4xx_rcc.o(.text)
    RCC_LSICmd                               0x080027bb   Thumb Code     6  stm32f4xx_rcc.o(.text)
    RCC_PLLConfig                            0x080027c1   Thumb Code    30  stm32f4xx_rcc.o(.text)
    RCC_PLLCmd                               0x080027df   Thumb Code     6  stm32f4xx_rcc.o(.text)
    RCC_PLLI2SConfig                         0x080027e5   Thumb Code    12  stm32f4xx_rcc.o(.text)
    RCC_PLLI2SCmd                            0x080027f1   Thumb Code     6  stm32f4xx_rcc.o(.text)
    RCC_ClockSecuritySystemCmd               0x080027f7   Thumb Code     6  stm32f4xx_rcc.o(.text)
    RCC_MCO1Config                           0x080027fd   Thumb Code    16  stm32f4xx_rcc.o(.text)
    RCC_MCO2Config                           0x0800280d   Thumb Code    16  stm32f4xx_rcc.o(.text)
    RCC_SYSCLKConfig                         0x0800281d   Thumb Code    14  stm32f4xx_rcc.o(.text)
    RCC_GetSYSCLKSource                      0x0800282b   Thumb Code    10  stm32f4xx_rcc.o(.text)
    RCC_HCLKConfig                           0x08002835   Thumb Code    14  stm32f4xx_rcc.o(.text)
    RCC_PCLK1Config                          0x08002843   Thumb Code    14  stm32f4xx_rcc.o(.text)
    RCC_PCLK2Config                          0x08002851   Thumb Code    16  stm32f4xx_rcc.o(.text)
    RCC_GetClocksFreq                        0x08002861   Thumb Code   150  stm32f4xx_rcc.o(.text)
    RCC_RTCCLKConfig                         0x080028f7   Thumb Code    42  stm32f4xx_rcc.o(.text)
    RCC_RTCCLKCmd                            0x08002921   Thumb Code     6  stm32f4xx_rcc.o(.text)
    RCC_BackupResetCmd                       0x08002927   Thumb Code     6  stm32f4xx_rcc.o(.text)
    RCC_I2SCLKConfig                         0x0800292d   Thumb Code     6  stm32f4xx_rcc.o(.text)
    RCC_AHB1PeriphClockCmd                   0x08002933   Thumb Code    18  stm32f4xx_rcc.o(.text)
    RCC_AHB2PeriphClockCmd                   0x08002945   Thumb Code    18  stm32f4xx_rcc.o(.text)
    RCC_AHB3PeriphClockCmd                   0x08002957   Thumb Code    18  stm32f4xx_rcc.o(.text)
    RCC_APB1PeriphClockCmd                   0x08002969   Thumb Code    18  stm32f4xx_rcc.o(.text)
    RCC_APB2PeriphClockCmd                   0x0800297b   Thumb Code    18  stm32f4xx_rcc.o(.text)
    RCC_AHB1PeriphResetCmd                   0x0800298d   Thumb Code    18  stm32f4xx_rcc.o(.text)
    RCC_AHB2PeriphResetCmd                   0x0800299f   Thumb Code    18  stm32f4xx_rcc.o(.text)
    RCC_AHB3PeriphResetCmd                   0x080029b1   Thumb Code    18  stm32f4xx_rcc.o(.text)
    RCC_APB1PeriphResetCmd                   0x080029c3   Thumb Code    18  stm32f4xx_rcc.o(.text)
    RCC_APB2PeriphResetCmd                   0x080029d5   Thumb Code    18  stm32f4xx_rcc.o(.text)
    RCC_AHB1PeriphClockLPModeCmd             0x080029e7   Thumb Code    18  stm32f4xx_rcc.o(.text)
    RCC_AHB2PeriphClockLPModeCmd             0x080029f9   Thumb Code    18  stm32f4xx_rcc.o(.text)
    RCC_AHB3PeriphClockLPModeCmd             0x08002a0b   Thumb Code    18  stm32f4xx_rcc.o(.text)
    RCC_APB1PeriphClockLPModeCmd             0x08002a1d   Thumb Code    18  stm32f4xx_rcc.o(.text)
    RCC_APB2PeriphClockLPModeCmd             0x08002a2f   Thumb Code    18  stm32f4xx_rcc.o(.text)
    RCC_ITConfig                             0x08002a41   Thumb Code    18  stm32f4xx_rcc.o(.text)
    RCC_ClearFlag                            0x08002a53   Thumb Code    12  stm32f4xx_rcc.o(.text)
    RCC_GetITStatus                          0x08002a5f   Thumb Code    16  stm32f4xx_rcc.o(.text)
    RCC_ClearITPendingBit                    0x08002a6f   Thumb Code     6  stm32f4xx_rcc.o(.text)
    TIM_DeInit                               0x08002afd   Thumb Code   428  stm32f4xx_tim.o(.text)
    TIM_TimeBaseInit                         0x08002ca9   Thumb Code   118  stm32f4xx_tim.o(.text)
    TIM_TimeBaseStructInit                   0x08002d1f   Thumb Code    18  stm32f4xx_tim.o(.text)
    TIM_PrescalerConfig                      0x08002d31   Thumb Code     6  stm32f4xx_tim.o(.text)
    TIM_CounterModeConfig                    0x08002d37   Thumb Code    12  stm32f4xx_tim.o(.text)
    TIM_SetCounter                           0x08002d43   Thumb Code     4  stm32f4xx_tim.o(.text)
    TIM_SetAutoreload                        0x08002d47   Thumb Code     4  stm32f4xx_tim.o(.text)
    TIM_GetCounter                           0x08002d4b   Thumb Code     4  stm32f4xx_tim.o(.text)
    TIM_GetPrescaler                         0x08002d4f   Thumb Code     4  stm32f4xx_tim.o(.text)
    TIM_UpdateDisableConfig                  0x08002d53   Thumb Code    18  stm32f4xx_tim.o(.text)
    TIM_UpdateRequestConfig                  0x08002d65   Thumb Code    18  stm32f4xx_tim.o(.text)
    TIM_ARRPreloadConfig                     0x08002d77   Thumb Code    18  stm32f4xx_tim.o(.text)
    TIM_SelectOnePulseMode                   0x08002d89   Thumb Code    16  stm32f4xx_tim.o(.text)
    TIM_SetClockDivision                     0x08002d99   Thumb Code    16  stm32f4xx_tim.o(.text)
    TIM_Cmd                                  0x08002da9   Thumb Code    18  stm32f4xx_tim.o(.text)
    TIM_OC1Init                              0x08002dbb   Thumb Code   104  stm32f4xx_tim.o(.text)
    TIM_OC2Init                              0x08002e23   Thumb Code   138  stm32f4xx_tim.o(.text)
    TIM_OC3Init                              0x08002ead   Thumb Code   140  stm32f4xx_tim.o(.text)
    TIM_OC4Init                              0x08002f39   Thumb Code   102  stm32f4xx_tim.o(.text)
    TIM_OCStructInit                         0x08002f9f   Thumb Code    20  stm32f4xx_tim.o(.text)
    TIM_SelectOCxM                           0x08002fb3   Thumb Code    92  stm32f4xx_tim.o(.text)
    TIM_SetCompare1                          0x0800300f   Thumb Code     4  stm32f4xx_tim.o(.text)
    TIM_SetCompare2                          0x08003013   Thumb Code     4  stm32f4xx_tim.o(.text)
    TIM_SetCompare3                          0x08003017   Thumb Code     4  stm32f4xx_tim.o(.text)
    TIM_SetCompare4                          0x0800301b   Thumb Code     4  stm32f4xx_tim.o(.text)
    TIM_ForcedOC1Config                      0x0800301f   Thumb Code    12  stm32f4xx_tim.o(.text)
    TIM_ForcedOC2Config                      0x0800302b   Thumb Code    20  stm32f4xx_tim.o(.text)
    TIM_ForcedOC3Config                      0x0800303f   Thumb Code    12  stm32f4xx_tim.o(.text)
    TIM_ForcedOC4Config                      0x0800304b   Thumb Code    20  stm32f4xx_tim.o(.text)
    TIM_OC1PreloadConfig                     0x0800305f   Thumb Code    12  stm32f4xx_tim.o(.text)
    TIM_OC2PreloadConfig                     0x0800306b   Thumb Code    20  stm32f4xx_tim.o(.text)
    TIM_OC3PreloadConfig                     0x0800307f   Thumb Code    22  stm32f4xx_tim.o(.text)
    TIM_OC4PreloadConfig                     0x08003095   Thumb Code    20  stm32f4xx_tim.o(.text)
    TIM_OC1FastConfig                        0x080030a9   Thumb Code    12  stm32f4xx_tim.o(.text)
    TIM_OC2FastConfig                        0x080030b5   Thumb Code    20  stm32f4xx_tim.o(.text)
    TIM_OC3FastConfig                        0x080030c9   Thumb Code    12  stm32f4xx_tim.o(.text)
    TIM_OC4FastConfig                        0x080030d5   Thumb Code    20  stm32f4xx_tim.o(.text)
    TIM_ClearOC1Ref                          0x080030e9   Thumb Code    12  stm32f4xx_tim.o(.text)
    TIM_ClearOC2Ref                          0x080030f5   Thumb Code    20  stm32f4xx_tim.o(.text)
    TIM_ClearOC3Ref                          0x08003109   Thumb Code    12  stm32f4xx_tim.o(.text)
    TIM_ClearOC4Ref                          0x08003115   Thumb Code    20  stm32f4xx_tim.o(.text)
    TIM_OC1PolarityConfig                    0x08003129   Thumb Code    12  stm32f4xx_tim.o(.text)
    TIM_OC1NPolarityConfig                   0x08003135   Thumb Code    12  stm32f4xx_tim.o(.text)
    TIM_OC2PolarityConfig                    0x08003141   Thumb Code    20  stm32f4xx_tim.o(.text)
    TIM_OC2NPolarityConfig                   0x08003155   Thumb Code    20  stm32f4xx_tim.o(.text)
    TIM_OC3PolarityConfig                    0x08003169   Thumb Code    20  stm32f4xx_tim.o(.text)
    TIM_OC3NPolarityConfig                   0x0800317d   Thumb Code    20  stm32f4xx_tim.o(.text)
    TIM_OC4PolarityConfig                    0x08003191   Thumb Code    20  stm32f4xx_tim.o(.text)
    TIM_CCxCmd                               0x080031a5   Thumb Code    26  stm32f4xx_tim.o(.text)
    TIM_CCxNCmd                              0x080031bf   Thumb Code    26  stm32f4xx_tim.o(.text)
    TIM_SetIC4Prescaler                      0x080031d9   Thumb Code    24  stm32f4xx_tim.o(.text)
    TIM_SetIC3Prescaler                      0x080031f1   Thumb Code    16  stm32f4xx_tim.o(.text)
    TIM_SetIC2Prescaler                      0x08003201   Thumb Code    24  stm32f4xx_tim.o(.text)
    TIM_SetIC1Prescaler                      0x08003219   Thumb Code    16  stm32f4xx_tim.o(.text)
    TIM_ICInit                               0x08003229   Thumb Code   294  stm32f4xx_tim.o(.text)
    TIM_ICStructInit                         0x0800334f   Thumb Code    16  stm32f4xx_tim.o(.text)
    TIM_PWMIConfig                           0x0800335f   Thumb Code   300  stm32f4xx_tim.o(.text)
    TIM_GetCapture1                          0x0800348b   Thumb Code     4  stm32f4xx_tim.o(.text)
    TIM_GetCapture2                          0x0800348f   Thumb Code     4  stm32f4xx_tim.o(.text)
    TIM_GetCapture3                          0x08003493   Thumb Code     4  stm32f4xx_tim.o(.text)
    TIM_GetCapture4                          0x08003497   Thumb Code     4  stm32f4xx_tim.o(.text)
    TIM_BDTRConfig                           0x0800349b   Thumb Code    36  stm32f4xx_tim.o(.text)
    TIM_BDTRStructInit                       0x080034bf   Thumb Code    18  stm32f4xx_tim.o(.text)
    TIM_CtrlPWMOutputs                       0x080034d1   Thumb Code    22  stm32f4xx_tim.o(.text)
    TIM_SelectCOM                            0x080034e7   Thumb Code    18  stm32f4xx_tim.o(.text)
    TIM_CCPreloadControl                     0x080034f9   Thumb Code    18  stm32f4xx_tim.o(.text)
    TIM_ITConfig                             0x0800350b   Thumb Code    16  stm32f4xx_tim.o(.text)
    TIM_GenerateEvent                        0x0800351b   Thumb Code     4  stm32f4xx_tim.o(.text)
    TIM_GetFlagStatus                        0x0800351f   Thumb Code    14  stm32f4xx_tim.o(.text)
    TIM_ClearFlag                            0x0800352d   Thumb Code     6  stm32f4xx_tim.o(.text)
    TIM_GetITStatus                          0x08003533   Thumb Code    22  stm32f4xx_tim.o(.text)
    TIM_ClearITPendingBit                    0x08003549   Thumb Code     6  stm32f4xx_tim.o(.text)
    TIM_DMAConfig                            0x0800354f   Thumb Code     8  stm32f4xx_tim.o(.text)
    TIM_DMACmd                               0x08003557   Thumb Code    16  stm32f4xx_tim.o(.text)
    TIM_SelectCCDMA                          0x08003567   Thumb Code    18  stm32f4xx_tim.o(.text)
    TIM_InternalClockConfig                  0x08003579   Thumb Code    10  stm32f4xx_tim.o(.text)
    TIM_SelectInputTrigger                   0x08003583   Thumb Code    12  stm32f4xx_tim.o(.text)
    TIM_ITRxExternalClockConfig              0x0800358f   Thumb Code    20  stm32f4xx_tim.o(.text)
    TIM_TIxExternalClockConfig               0x080035a3   Thumb Code   120  stm32f4xx_tim.o(.text)
    TIM_ETRConfig                            0x0800361b   Thumb Code    32  stm32f4xx_tim.o(.text)
    TIM_ETRClockMode1Config                  0x0800363b   Thumb Code    40  stm32f4xx_tim.o(.text)
    TIM_ETRClockMode2Config                  0x08003663   Thumb Code    40  stm32f4xx_tim.o(.text)
    TIM_SelectOutputTrigger                  0x0800368b   Thumb Code    16  stm32f4xx_tim.o(.text)
    TIM_SelectSlaveMode                      0x0800369b   Thumb Code    16  stm32f4xx_tim.o(.text)
    TIM_SelectMasterSlaveMode                0x080036ab   Thumb Code    16  stm32f4xx_tim.o(.text)
    TIM_EncoderInterfaceConfig               0x080036bb   Thumb Code    60  stm32f4xx_tim.o(.text)
    TIM_SelectHallSensor                     0x080036f7   Thumb Code    18  stm32f4xx_tim.o(.text)
    TIM_RemapConfig                          0x08003709   Thumb Code     6  stm32f4xx_tim.o(.text)
    USART_DeInit                             0x08003711   Thumb Code   192  stm32f4xx_usart.o(.text)
    USART_Init                               0x080037d1   Thumb Code   180  stm32f4xx_usart.o(.text)
    USART_StructInit                         0x08003885   Thumb Code    22  stm32f4xx_usart.o(.text)
    USART_ClockInit                          0x0800389b   Thumb Code    34  stm32f4xx_usart.o(.text)
    USART_ClockStructInit                    0x080038bd   Thumb Code    12  stm32f4xx_usart.o(.text)
    USART_Cmd                                0x080038c9   Thumb Code    18  stm32f4xx_usart.o(.text)
    USART_SetPrescaler                       0x080038db   Thumb Code    16  stm32f4xx_usart.o(.text)
    USART_OverSampling8Cmd                   0x080038eb   Thumb Code    18  stm32f4xx_usart.o(.text)
    USART_OneBitMethodCmd                    0x080038fd   Thumb Code    18  stm32f4xx_usart.o(.text)
    USART_SendData                           0x0800390f   Thumb Code     8  stm32f4xx_usart.o(.text)
    USART_ReceiveData                        0x08003917   Thumb Code     8  stm32f4xx_usart.o(.text)
    USART_SetAddress                         0x0800391f   Thumb Code    16  stm32f4xx_usart.o(.text)
    USART_ReceiverWakeUpCmd                  0x0800392f   Thumb Code    18  stm32f4xx_usart.o(.text)
    USART_WakeUpConfig                       0x08003941   Thumb Code    16  stm32f4xx_usart.o(.text)
    USART_LINBreakDetectLengthConfig         0x08003951   Thumb Code    16  stm32f4xx_usart.o(.text)
    USART_LINCmd                             0x08003961   Thumb Code    18  stm32f4xx_usart.o(.text)
    USART_SendBreak                          0x08003973   Thumb Code    10  stm32f4xx_usart.o(.text)
    USART_HalfDuplexCmd                      0x0800397d   Thumb Code    18  stm32f4xx_usart.o(.text)
    USART_SetGuardTime                       0x0800398f   Thumb Code    16  stm32f4xx_usart.o(.text)
    USART_SmartCardCmd                       0x0800399f   Thumb Code    18  stm32f4xx_usart.o(.text)
    USART_SmartCardNACKCmd                   0x080039b1   Thumb Code    18  stm32f4xx_usart.o(.text)
    USART_IrDAConfig                         0x080039c3   Thumb Code    16  stm32f4xx_usart.o(.text)
    USART_IrDACmd                            0x080039d3   Thumb Code    18  stm32f4xx_usart.o(.text)
    USART_DMACmd                             0x080039e5   Thumb Code    16  stm32f4xx_usart.o(.text)
    USART_ITConfig                           0x080039f5   Thumb Code    48  stm32f4xx_usart.o(.text)
    USART_GetFlagStatus                      0x08003a25   Thumb Code    14  stm32f4xx_usart.o(.text)
    USART_ClearFlag                          0x08003a33   Thumb Code     6  stm32f4xx_usart.o(.text)
    USART_GetITStatus                        0x08003a39   Thumb Code    76  stm32f4xx_usart.o(.text)
    USART_ClearITPendingBit                  0x08003a85   Thumb Code    14  stm32f4xx_usart.o(.text)
    I2C_DeInit                               0x08003a99   Thumb Code   100  stm32f4xx_i2c.o(.text)
    I2C_Init                                 0x08003afd   Thumb Code   188  stm32f4xx_i2c.o(.text)
    I2C_StructInit                           0x08003bb9   Thumb Code    28  stm32f4xx_i2c.o(.text)
    I2C_Cmd                                  0x08003bd5   Thumb Code    18  stm32f4xx_i2c.o(.text)
    I2C_GenerateSTART                        0x08003be7   Thumb Code    18  stm32f4xx_i2c.o(.text)
    I2C_GenerateSTOP                         0x08003bf9   Thumb Code    18  stm32f4xx_i2c.o(.text)
    I2C_Send7bitAddress                      0x08003c0b   Thumb Code    16  stm32f4xx_i2c.o(.text)
    I2C_AcknowledgeConfig                    0x08003c1b   Thumb Code    18  stm32f4xx_i2c.o(.text)
    I2C_OwnAddress2Config                    0x08003c2d   Thumb Code    16  stm32f4xx_i2c.o(.text)
    I2C_DualAddressCmd                       0x08003c3d   Thumb Code    18  stm32f4xx_i2c.o(.text)
    I2C_GeneralCallCmd                       0x08003c4f   Thumb Code    18  stm32f4xx_i2c.o(.text)
    I2C_SoftwareResetCmd                     0x08003c61   Thumb Code    18  stm32f4xx_i2c.o(.text)
    I2C_StretchClockCmd                      0x08003c73   Thumb Code    18  stm32f4xx_i2c.o(.text)
    I2C_FastModeDutyCycleConfig              0x08003c85   Thumb Code    20  stm32f4xx_i2c.o(.text)
    I2C_NACKPositionConfig                   0x08003c99   Thumb Code    20  stm32f4xx_i2c.o(.text)
    I2C_SMBusAlertConfig                     0x08003cad   Thumb Code    20  stm32f4xx_i2c.o(.text)
    I2C_ARPCmd                               0x08003cc1   Thumb Code    18  stm32f4xx_i2c.o(.text)
    I2C_SendData                             0x08003cd3   Thumb Code     4  stm32f4xx_i2c.o(.text)
    I2C_ReceiveData                          0x08003cd7   Thumb Code     6  stm32f4xx_i2c.o(.text)
    I2C_TransmitPEC                          0x08003cdd   Thumb Code    18  stm32f4xx_i2c.o(.text)
    I2C_PECPositionConfig                    0x08003cef   Thumb Code    20  stm32f4xx_i2c.o(.text)
    I2C_CalculatePEC                         0x08003d03   Thumb Code    18  stm32f4xx_i2c.o(.text)
    I2C_GetPEC                               0x08003d15   Thumb Code     6  stm32f4xx_i2c.o(.text)
    I2C_DMACmd                               0x08003d1b   Thumb Code    18  stm32f4xx_i2c.o(.text)
    I2C_DMALastTransferCmd                   0x08003d2d   Thumb Code    18  stm32f4xx_i2c.o(.text)
    I2C_ReadRegister                         0x08003d3f   Thumb Code    12  stm32f4xx_i2c.o(.text)
    I2C_ITConfig                             0x08003d4b   Thumb Code    16  stm32f4xx_i2c.o(.text)
    I2C_CheckEvent                           0x08003d5b   Thumb Code    26  stm32f4xx_i2c.o(.text)
    I2C_GetLastEvent                         0x08003d75   Thumb Code    14  stm32f4xx_i2c.o(.text)
    I2C_GetFlagStatus                        0x08003d83   Thumb Code    42  stm32f4xx_i2c.o(.text)
    I2C_ClearFlag                            0x08003dad   Thumb Code     6  stm32f4xx_i2c.o(.text)
    I2C_GetITStatus                          0x08003db3   Thumb Code    34  stm32f4xx_i2c.o(.text)
    I2C_ClearITPendingBit                    0x08003dd5   Thumb Code     6  stm32f4xx_i2c.o(.text)
    SystemInit                               0x08003de5   Thumb Code   224  system_stm32f4xx.o(.text)
    SystemCoreClockUpdate                    0x08003ec5   Thumb Code   112  system_stm32f4xx.o(.text)
    calloc                                   0x08003f69   Thumb Code    40  calloc.o(.text)
    free                                     0x08003f91   Thumb Code    78  h1_free.o(.text)
    __use_two_region_memory                  0x08003fdf   Thumb Code     2  heapauxi.o(.text)
    __rt_heap_escrow                         0x08003fe1   Thumb Code     2  heapauxi.o(.text)
    __rt_heap_expand                         0x08003fe3   Thumb Code     2  heapauxi.o(.text)
    __rt_heap_descriptor                     0x08003fe5   Thumb Code     8  rt_heap_descriptor_intlibspace.o(.text)
    __use_no_heap                            0x08003fed   Thumb Code     2  hguard.o(.text)
    __heap$guard                             0x08003fef   Thumb Code     2  hguard.o(.text)
    _terminate_user_alloc                    0x08003ff1   Thumb Code     2  init_alloc.o(.text)
    _init_user_alloc                         0x08003ff3   Thumb Code     2  init_alloc.o(.text)
    __Heap_Full                              0x08003ff5   Thumb Code    34  init_alloc.o(.text)
    __Heap_Broken                            0x08004017   Thumb Code     6  init_alloc.o(.text)
    _init_alloc                              0x0800401d   Thumb Code    94  init_alloc.o(.text)
    malloc                                   0x0800407b   Thumb Code    94  h1_alloc.o(.text)
    __aeabi_memclr                           0x080040d9   Thumb Code     0  rt_memclr.o(.text)
    __rt_memclr                              0x080040d9   Thumb Code    68  rt_memclr.o(.text)
    _memset                                  0x080040dd   Thumb Code     0  rt_memclr.o(.text)
    __user_libspace                          0x0800411d   Thumb Code     8  libspace.o(.text)
    __user_perproc_libspace                  0x0800411d   Thumb Code     0  libspace.o(.text)
    __user_perthread_libspace                0x0800411d   Thumb Code     0  libspace.o(.text)
    __Heap_Initialize                        0x08004125   Thumb Code    10  h1_init.o(.text)
    __Heap_DescSize                          0x0800412f   Thumb Code     4  h1_init.o(.text)
    __Heap_ProvideMemory                     0x08004133   Thumb Code    52  h1_extend.o(.text)
    __rt_SIGRTMEM                            0x08004167   Thumb Code    14  defsig_rtmem_outer.o(.text)
    __aeabi_memclr4                          0x08004175   Thumb Code     0  rt_memclr_w.o(.text)
    __aeabi_memclr8                          0x08004175   Thumb Code     0  rt_memclr_w.o(.text)
    __rt_memclr_w                            0x08004175   Thumb Code    78  rt_memclr_w.o(.text)
    _memset_w                                0x08004179   Thumb Code     0  rt_memclr_w.o(.text)
    __user_setup_stackheap                   0x080041c3   Thumb Code    74  sys_stackheap_outer.o(.text)
    exit                                     0x0800420d   Thumb Code    12  exit.o(.text)
    __sig_exit                               0x08004219   Thumb Code    10  defsig_exit.o(.text)
    __rt_SIGRTMEM_inner                      0x08004225   Thumb Code    22  defsig_rtmem_inner.o(.text)
    _sys_exit                                0x08004275   Thumb Code     8  sys_exit.o(.text)
    __I$use$semihosting                      0x08004281   Thumb Code     0  use_no_semi.o(.text)
    __use_no_semihosting_swi                 0x08004281   Thumb Code     2  use_no_semi.o(.text)
    __default_signal_display                 0x08004283   Thumb Code    50  defsig_general.o(.text)
    __semihosting_library_function           0x08004283   Thumb Code     0  indicate_semi.o(.text)
    _ttywrch                                 0x080042b5   Thumb Code    14  sys_wrch.o(.text)
    __ARM_fpclassifyf                        0x080042c3   Thumb Code    38  fpclassifyf.o(i.__ARM_fpclassifyf)
    __hardfp_atan2f                          0x080042e9   Thumb Code   486  atan2f.o(i.__hardfp_atan2f)
    __mathlib_flt_underflow                  0x08004531   Thumb Code    10  funder.o(i.__mathlib_flt_underflow)
    _fp_init                                 0x08004541   Thumb Code    10  fpinit.o(x$fpl$fpinit)
    __fplib_config_fpu_vfp                   0x08004549   Thumb Code     0  fpinit.o(x$fpl$fpinit)
    __fplib_config_pureend_doubles           0x08004549   Thumb Code     0  fpinit.o(x$fpl$fpinit)
    __I$use$fp                               0x0800454a   Number         0  usenofp.o(x$fpl$usenofp)
    Region$$Table$$Base                      0x08004594   Number         0  anon$$obj.o(Region$$Table)
    Region$$Table$$Limit                     0x080045b4   Number         0  anon$$obj.o(Region$$Table)
    TM_I2C_Timeout                           0x20000000   Data           4  tm_stm32f4_i2c.o(.data)
    GPIO_I2C_InitStruct                      0x20000004   Data           8  tm_stm32f4_i2c.o(.data)
    TM_I2C_INT_Clocks                        0x2000000c   Data          12  tm_stm32f4_i2c.o(.data)
    MPU6050_Status                           0x2000001a   Data           1  main.o(.data)
    SysTicker                                0x2000001c   Data           2  main.o(.data)
    setspeed                                 0x20000024   Data           4  main.o(.data)
    setpoint                                 0x20000028   Data           4  main.o(.data)
    U_offset                                 0x2000002c   Data           4  main.o(.data)
    func1                                    0x20000034   Data           4  main.o(.data)
    func2                                    0x20000038   Data           4  main.o(.data)
    txbuffer                                 0x2000003c   Data           7  main.o(.data)
    Pitch                                    0x20000044   Data          16  main.o(.data)
    Left                                     0x20000054   Data          16  main.o(.data)
    Right                                    0x20000064   Data          16  main.o(.data)
    PID_VELO                                 0x20000074   Data          64  main.o(.data)
    PID_TILT                                 0x200000b4   Data          64  main.o(.data)
    Right_motor                              0x200000f4   Data          16  main.o(.data)
    SystemCoreClock                          0x20000128   Data           4  system_stm32f4xx.o(.data)
    AHBPrescTable                            0x2000012c   Data          16  system_stm32f4xx.o(.data)
    Left_motor                               0x2000013c   Data          16  main.o(.bss)
    rxbuffer                                 0x2000014c   Data          21  main.o(.bss)
    MPU6050_Data0                            0x20000164   Data          40  main.o(.bss)
    Linear                                   0x2000018c   Data          12  main.o(.bss)
    __libspace_start                         0x200001c8   Data          96  libspace.o(.bss)
    __temporary_stack_top$libspace           0x20000228   Data           0  libspace.o(.bss)



==============================================================================

Memory Map of the image

  Image Entry point : 0x08000189

  Load Region LR_IROM1 (Base: 0x08000000, Size: 0x000046f0, Max: 0x00100000, ABSOLUTE, COMPRESSED[0x00004600])

    Execution Region ER_IROM1 (Base: 0x08000000, Size: 0x000045b4, Max: 0x00100000, ABSOLUTE)

    Base Addr    Size         Type   Attr      Idx    E Section Name        Object

    0x08000000   0x00000188   Data   RO            3    RESET               startup_stm32f4xx.o
    0x08000188   0x00000008   Code   RO          607  * !!!main             c_w.l(__main.o)
    0x08000190   0x00000034   Code   RO          843    !!!scatter          c_w.l(__scatter.o)
    0x080001c4   0x0000005a   Code   RO          841    !!dczerorl2         c_w.l(__dczerorl2.o)
    0x0800021e   0x00000002   PAD
    0x08000220   0x0000001c   Code   RO          845    !!handler_zi        c_w.l(__scatter_zi.o)
    0x0800023c   0x00000002   Code   RO          772    .ARM.Collect$$libinit$$00000000  c_w.l(libinit.o)
    0x0800023e   0x00000004   Code   RO          706    .ARM.Collect$$libinit$$00000001  c_w.l(libinit2.o)
    0x08000242   0x00000008   Code   RO          708    .ARM.Collect$$libinit$$00000003  c_w.l(libinit2.o)
    0x0800024a   0x00000000   Code   RO          710    .ARM.Collect$$libinit$$00000008  c_w.l(libinit2.o)
    0x0800024a   0x00000000   Code   RO          712    .ARM.Collect$$libinit$$0000000A  c_w.l(libinit2.o)
    0x0800024a   0x00000000   Code   RO          714    .ARM.Collect$$libinit$$0000000C  c_w.l(libinit2.o)
    0x0800024a   0x00000000   Code   RO          717    .ARM.Collect$$libinit$$0000000F  c_w.l(libinit2.o)
    0x0800024a   0x00000000   Code   RO          719    .ARM.Collect$$libinit$$00000011  c_w.l(libinit2.o)
    0x0800024a   0x00000000   Code   RO          721    .ARM.Collect$$libinit$$00000013  c_w.l(libinit2.o)
    0x0800024a   0x00000000   Code   RO          723    .ARM.Collect$$libinit$$00000015  c_w.l(libinit2.o)
    0x0800024a   0x00000000   Code   RO          725    .ARM.Collect$$libinit$$00000017  c_w.l(libinit2.o)
    0x0800024a   0x00000000   Code   RO          727    .ARM.Collect$$libinit$$00000019  c_w.l(libinit2.o)
    0x0800024a   0x00000000   Code   RO          729    .ARM.Collect$$libinit$$0000001B  c_w.l(libinit2.o)
    0x0800024a   0x00000000   Code   RO          731    .ARM.Collect$$libinit$$0000001D  c_w.l(libinit2.o)
    0x0800024a   0x00000000   Code   RO          733    .ARM.Collect$$libinit$$0000001F  c_w.l(libinit2.o)
    0x0800024a   0x00000000   Code   RO          735    .ARM.Collect$$libinit$$00000021  c_w.l(libinit2.o)
    0x0800024a   0x00000000   Code   RO          737    .ARM.Collect$$libinit$$00000023  c_w.l(libinit2.o)
    0x0800024a   0x00000000   Code   RO          741    .ARM.Collect$$libinit$$0000002A  c_w.l(libinit2.o)
    0x0800024a   0x00000000   Code   RO          743    .ARM.Collect$$libinit$$0000002C  c_w.l(libinit2.o)
    0x0800024a   0x00000000   Code   RO          745    .ARM.Collect$$libinit$$0000002E  c_w.l(libinit2.o)
    0x0800024a   0x00000000   Code   RO          747    .ARM.Collect$$libinit$$00000030  c_w.l(libinit2.o)
    0x0800024a   0x00000002   Code   RO          748    .ARM.Collect$$libinit$$00000031  c_w.l(libinit2.o)
    0x0800024c   0x00000002   Code   RO          838    .ARM.Collect$$libshutdown$$00000000  c_w.l(libshutdown.o)
    0x0800024e   0x00000000   Code   RO          796    .ARM.Collect$$libshutdown$$00000003  c_w.l(libshutdown2.o)
    0x0800024e   0x00000000   Code   RO          799    .ARM.Collect$$libshutdown$$00000006  c_w.l(libshutdown2.o)
    0x0800024e   0x00000000   Code   RO          802    .ARM.Collect$$libshutdown$$00000009  c_w.l(libshutdown2.o)
    0x0800024e   0x00000000   Code   RO          804    .ARM.Collect$$libshutdown$$0000000B  c_w.l(libshutdown2.o)
    0x0800024e   0x00000000   Code   RO          807    .ARM.Collect$$libshutdown$$0000000E  c_w.l(libshutdown2.o)
    0x0800024e   0x00000002   Code   RO          808    .ARM.Collect$$libshutdown$$0000000F  c_w.l(libshutdown2.o)
    0x08000250   0x00000000   Code   RO          623    .ARM.Collect$$rtentry$$00000000  c_w.l(rtentry.o)
    0x08000250   0x00000000   Code   RO          666    .ARM.Collect$$rtentry$$00000002  c_w.l(rtentry2.o)
    0x08000250   0x00000006   Code   RO          678    .ARM.Collect$$rtentry$$00000004  c_w.l(rtentry4.o)
    0x08000256   0x00000000   Code   RO          668    .ARM.Collect$$rtentry$$00000009  c_w.l(rtentry2.o)
    0x08000256   0x00000004   Code   RO          669    .ARM.Collect$$rtentry$$0000000A  c_w.l(rtentry2.o)
    0x0800025a   0x00000000   Code   RO          671    .ARM.Collect$$rtentry$$0000000C  c_w.l(rtentry2.o)
    0x0800025a   0x00000008   Code   RO          672    .ARM.Collect$$rtentry$$0000000D  c_w.l(rtentry2.o)
    0x08000262   0x00000002   Code   RO          780    .ARM.Collect$$rtexit$$00000000  c_w.l(rtexit.o)
    0x08000264   0x00000000   Code   RO          812    .ARM.Collect$$rtexit$$00000002  c_w.l(rtexit2.o)
    0x08000264   0x00000004   Code   RO          813    .ARM.Collect$$rtexit$$00000003  c_w.l(rtexit2.o)
    0x08000268   0x00000006   Code   RO          814    .ARM.Collect$$rtexit$$00000004  c_w.l(rtexit2.o)
    0x0800026e   0x00000002   PAD
    0x08000270   0x00000000   Code   RO          685    .emb_text           c_w.l(maybetermalloc1.o)
    0x08000270   0x00000040   Code   RO            4    .text               startup_stm32f4xx.o
    0x080002b0   0x000008a0   Code   RO           12    .text               tm_stm32f4_i2c.o
    0x08000b50   0x00000270   Code   RO          144    .text               tm_stm32f4_mpu6050.o
    0x08000dc0   0x00000778   Code   RO          167    .text               main.o
    0x08001538   0x0000020c   Code   RO          223    .text               uart_dma.o
    0x08001744   0x00000104   Code   RO          244    .text               pwm.o
    0x08001848   0x000000d0   Code   RO          264    .text               encoder.o
    0x08001918   0x0000022c   Code   RO          282    .text               filter.o
    0x08001b44   0x00000514   Code   RO          303    .text               matrix.o
    0x08002058   0x000000bc   Code   RO          317    .text               misc.o
    0x08002114   0x000003a8   Code   RO          337    .text               stm32f4xx_dma.o
    0x080024bc   0x00000238   Code   RO          377    .text               stm32f4xx_gpio.o
    0x080026f4   0x00000408   Code   RO          397    .text               stm32f4xx_rcc.o
    0x08002afc   0x00000c12   Code   RO          440    .text               stm32f4xx_tim.o
    0x0800370e   0x00000002   PAD
    0x08003710   0x00000388   Code   RO          461    .text               stm32f4xx_usart.o
    0x08003a98   0x0000034c   Code   RO          501    .text               stm32f4xx_i2c.o
    0x08003de4   0x00000184   Code   RO          521    .text               system_stm32f4xx.o
    0x08003f68   0x00000028   Code   RO          549    .text               c_w.l(calloc.o)
    0x08003f90   0x0000004e   Code   RO          551    .text               c_w.l(h1_free.o)
    0x08003fde   0x00000006   Code   RO          605    .text               c_w.l(heapauxi.o)
    0x08003fe4   0x00000008   Code   RO          627    .text               c_w.l(rt_heap_descriptor_intlibspace.o)
    0x08003fec   0x00000004   Code   RO          629    .text               c_w.l(hguard.o)
    0x08003ff0   0x0000008a   Code   RO          631    .text               c_w.l(init_alloc.o)
    0x0800407a   0x0000005e   Code   RO          637    .text               c_w.l(h1_alloc.o)
    0x080040d8   0x00000044   Code   RO          655    .text               c_w.l(rt_memclr.o)
    0x0800411c   0x00000008   Code   RO          662    .text               c_w.l(libspace.o)
    0x08004124   0x0000000e   Code   RO          687    .text               c_w.l(h1_init.o)
    0x08004132   0x00000034   Code   RO          689    .text               c_w.l(h1_extend.o)
    0x08004166   0x0000000e   Code   RO          695    .text               c_w.l(defsig_rtmem_outer.o)
    0x08004174   0x0000004e   Code   RO          699    .text               c_w.l(rt_memclr_w.o)
    0x080041c2   0x0000004a   Code   RO          751    .text               c_w.l(sys_stackheap_outer.o)
    0x0800420c   0x0000000c   Code   RO          759    .text               c_w.l(exit.o)
    0x08004218   0x0000000a   Code   RO          761    .text               c_w.l(defsig_exit.o)
    0x08004222   0x00000002   PAD
    0x08004224   0x00000050   Code   RO          763    .text               c_w.l(defsig_rtmem_inner.o)
    0x08004274   0x0000000c   Code   RO          775    .text               c_w.l(sys_exit.o)
    0x08004280   0x00000002   Code   RO          777    .text               c_w.l(use_no_semi.o)
    0x08004282   0x00000000   Code   RO          779    .text               c_w.l(indicate_semi.o)
    0x08004282   0x00000032   Code   RO          788    .text               c_w.l(defsig_general.o)
    0x080042b4   0x0000000e   Code   RO          809    .text               c_w.l(sys_wrch.o)
    0x080042c2   0x00000026   Code   RO          658    i.__ARM_fpclassifyf  m_wm.l(fpclassifyf.o)
    0x080042e8   0x00000248   Code   RO          609    i.__hardfp_atan2f   m_wm.l(atan2f.o)
    0x08004530   0x00000010   Code   RO          660    i.__mathlib_flt_underflow  m_wm.l(funder.o)
    0x08004540   0x0000000a   Code   RO          773    x$fpl$fpinit        fz_wm.l(fpinit.o)
    0x0800454a   0x00000000   Code   RO          657    x$fpl$usenofp       fz_wm.l(usenofp.o)
    0x0800454a   0x00000002   PAD
    0x0800454c   0x00000048   Data   RO          284    .constdata          filter.o
    0x08004594   0x00000020   Data   RO          839    Region$$Table       anon$$obj.o


    Execution Region RW_IRAM1 (Base: 0x20000000, Size: 0x00000828, Max: 0x00020000, ABSOLUTE, COMPRESSED[0x0000004c])

    Base Addr    Size         Type   Attr      Idx    E Section Name        Object

    0x20000000   0x00000018   Data   RW           13    .data               tm_stm32f4_i2c.o
    0x20000018   0x000000ec   Data   RW          170    .data               main.o
    0x20000104   0x00000014   Data   RW          285    .data               filter.o
    0x20000118   0x00000010   Data   RW          398    .data               stm32f4xx_rcc.o
    0x20000128   0x00000014   Data   RW          522    .data               system_stm32f4xx.o
    0x2000013c   0x0000005c   Zero   RW          169    .bss                main.o
    0x20000198   0x00000030   Zero   RW          283    .bss                filter.o
    0x200001c8   0x00000060   Zero   RW          663    .bss                c_w.l(libspace.o)
    0x20000228   0x00000200   Zero   RW            2    HEAP                startup_stm32f4xx.o
    0x20000428   0x00000400   Zero   RW            1    STACK               startup_stm32f4xx.o


==============================================================================

Image component sizes


      Code (inc. data)   RO Data    RW Data    ZI Data      Debug   Object Name

       208         14          0          0          0       1066   encoder.o
       556         20         72         20         48       2213   filter.o
      1912        192          0        236         92      32218   main.o
      1300          4          0          0          0       3215   matrix.o
       188         16          0          0          0       1785   misc.o
       260          8          0          0          0        888   pwm.o
        64         26        392          0       1536        856   startup_stm32f4xx.o
       936        106          0          0          0       6493   stm32f4xx_dma.o
       568          0          0          0          0       3837   stm32f4xx_gpio.o
       844         10          0          0          0       7047   stm32f4xx_i2c.o
      1032        136          0         16          0       9937   stm32f4xx_rcc.o
      3090         10          0          0          0      19762   stm32f4xx_tim.o
       904          6          0          0          0       6684   stm32f4xx_usart.o
       388         52          0         20          0       1815   system_stm32f4xx.o
      2208         58          0         24          0     307671   tm_stm32f4_i2c.o
       624         24          0          0          0       4706   tm_stm32f4_mpu6050.o
       524         26          0          0          0       1857   uart_dma.o

    ----------------------------------------------------------------------
     15608        708        496        316       1676     412050   Object Totals
         0          0         32          0          0          0   (incl. Generated)
         2          0          0          0          0          0   (incl. Padding)

    ----------------------------------------------------------------------

      Code (inc. data)   RO Data    RW Data    ZI Data      Debug   Library Member Name

        90          0          0          0          0          0   __dczerorl2.o
         8          0          0          0          0         68   __main.o
        52          8          0          0          0          0   __scatter.o
        28          0          0          0          0          0   __scatter_zi.o
        40          0          0          0          0         80   calloc.o
        10          0          0          0          0         68   defsig_exit.o
        50          0          0          0          0         88   defsig_general.o
        80         58          0          0          0         76   defsig_rtmem_inner.o
        14          0          0          0          0         80   defsig_rtmem_outer.o
        12          0          0          0          0         72   exit.o
        94          0          0          0          0         80   h1_alloc.o
        52          0          0          0          0         68   h1_extend.o
        78          0          0          0          0         80   h1_free.o
        14          0          0          0          0         84   h1_init.o
         6          0          0          0          0        152   heapauxi.o
         4          0          0          0          0        136   hguard.o
         0          0          0          0          0          0   indicate_semi.o
       138          0          0          0          0        168   init_alloc.o
         2          0          0          0          0          0   libinit.o
        14          0          0          0          0          0   libinit2.o
         2          0          0          0          0          0   libshutdown.o
         2          0          0          0          0          0   libshutdown2.o
         8          4          0          0         96         68   libspace.o
         0          0          0          0          0          0   maybetermalloc1.o
         8          4          0          0          0         68   rt_heap_descriptor_intlibspace.o
        68          0          0          0          0         68   rt_memclr.o
        78          0          0          0          0         80   rt_memclr_w.o
         0          0          0          0          0          0   rtentry.o
        12          0          0          0          0          0   rtentry2.o
         6          0          0          0          0          0   rtentry4.o
         2          0          0          0          0          0   rtexit.o
        10          0          0          0          0          0   rtexit2.o
        12          4          0          0          0         68   sys_exit.o
        74          0          0          0          0         80   sys_stackheap_outer.o
        14          0          0          0          0         76   sys_wrch.o
         2          0          0          0          0         68   use_no_semi.o
        10          0          0          0          0        116   fpinit.o
         0          0          0          0          0          0   usenofp.o
       584         98          0          0          0        176   atan2f.o
        38          0          0          0          0        116   fpclassifyf.o
        16          6          0          0          0        116   funder.o

    ----------------------------------------------------------------------
      1740        182          0          0         96       2400   Library Totals
         8          0          0          0          0          0   (incl. Padding)

    ----------------------------------------------------------------------

      Code (inc. data)   RO Data    RW Data    ZI Data      Debug   Library Name

      1084         78          0          0         96       1876   c_w.l
        10          0          0          0          0        116   fz_wm.l
       638        104          0          0          0        408   m_wm.l

    ----------------------------------------------------------------------
      1740        182          0          0         96       2400   Library Totals

    ----------------------------------------------------------------------

==============================================================================


      Code (inc. data)   RO Data    RW Data    ZI Data      Debug   

     17348        890        496        316       1772     408958   Grand Totals
     17348        890        496         76       1772     408958   ELF Image Totals (compressed)
     17348        890        496         76          0          0   ROM Totals

==============================================================================

    Total RO  Size (Code + RO Data)                17844 (  17.43kB)
    Total RW  Size (RW Data + ZI Data)              2088 (   2.04kB)
    Total ROM Size (Code + RO Data + RW Data)      17920 (  17.50kB)

==============================================================================

