<html>
<body>
<pre>
<h1>µVision Build Log</h1>
<h2>Project:</h2>
E:\Dai hoc\Engineering Softwares\STM32F4\projects\MyProject_F4_2wheelbalancingrobot\F4_GPIO.uvproj
Project File Date:  02/22/2015

<h2>Output:</h2>
Build target 'Source'
compiling main.c...
linking...
Program Size: Code=17296 RO-data=496 RW-data=388 ZI-data=1788  
".\OUT\exec.axf" - 0 Errors, 0 Warning(s).
Load "E:\\Dai hoc\\Engineering Softwares\\STM32F4\\projects\\MyProject_F4_2wheelbalancingrobot\\OUT\\exec.axf" 
Erase Done.
Programming Done.
Verify OK.
Build target 'Source'
compiling main.c...
linking...
Program Size: Code=17288 RO-data=496 RW-data=388 ZI-data=1788  
".\OUT\exec.axf" - 0 Errors, 0 Warning(s).
Load "E:\\Dai hoc\\Engineering Softwares\\STM32F4\\projects\\MyProject_F4_2wheelbalancingrobot\\OUT\\exec.axf" 
Erase Done.
Programming Done.
Verify OK.
Build target 'Source'
compiling main.c...
linking...
Program Size: Code=17344 RO-data=496 RW-data=388 ZI-data=1788  
".\OUT\exec.axf" - 0 Errors, 0 Warning(s).
Build target 'Source'
compiling main.c...
linking...
Program Size: Code=17344 RO-data=496 RW-data=388 ZI-data=1788  
".\OUT\exec.axf" - 0 Errors, 0 Warning(s).
Build target 'Source'
compiling main.c...
Source\main.c(43): error:  #20: identifier "PID_VELO" is undefined
Source\main.c(78): error:  #20: identifier "PID_VELO" is undefined
Source\main.c(100): error:  #20: identifier "PID_VELO" is undefined
".\OUT\exec.axf" - 3 Errors, 0 Warning(s).
Target not created
Build target 'Source'
compiling main.c...
Source\main.c(78): error:  #20: identifier "PID_VELO" is undefined
Source\main.c(100): error:  #20: identifier "PID_VELO" is undefined
".\OUT\exec.axf" - 2 Errors, 0 Warning(s).
Target not created
Build target 'Source'
compiling main.c...
Source\main.c(100): error:  #20: identifier "PID_VELO" is undefined
".\OUT\exec.axf" - 1 Errors, 0 Warning(s).
Target not created
Build target 'Source'
compiling main.c...
Source\main.c(181): error:  #20: identifier "PID_VELO" is undefined
".\OUT\exec.axf" - 1 Errors, 0 Warning(s).
Target not created
Build target 'Source'
compiling main.c...
linking...
Program Size: Code=17420 RO-data=496 RW-data=452 ZI-data=1788  
".\OUT\exec.axf" - 0 Errors, 0 Warning(s).
Load "E:\\Dai hoc\\Engineering Softwares\\STM32F4\\projects\\MyProject_F4_2wheelbalancingrobot\\OUT\\exec.axf" 
Erase Done.
Programming Done.
Verify OK.
Build target 'Source'
compiling main.c...
linking...
Program Size: Code=17416 RO-data=496 RW-data=452 ZI-data=1788  
".\OUT\exec.axf" - 0 Errors, 0 Warning(s).
Load "E:\\Dai hoc\\Engineering Softwares\\STM32F4\\projects\\MyProject_F4_2wheelbalancingrobot\\OUT\\exec.axf" 
Erase Done.
Programming Done.
Verify OK.
Build target 'Source'
compiling main.c...
linking...
Program Size: Code=17420 RO-data=496 RW-data=452 ZI-data=1788  
".\OUT\exec.axf" - 0 Errors, 0 Warning(s).
Load "E:\\Dai hoc\\Engineering Softwares\\STM32F4\\projects\\MyProject_F4_2wheelbalancingrobot\\OUT\\exec.axf" 
Erase Done.
Programming Done.
Verify OK.
Build target 'Source'
compiling main.c...
linking...
Program Size: Code=17420 RO-data=496 RW-data=452 ZI-data=1788  
".\OUT\exec.axf" - 0 Errors, 0 Warning(s).
Load "E:\\Dai hoc\\Engineering Softwares\\STM32F4\\projects\\MyProject_F4_2wheelbalancingrobot\\OUT\\exec.axf" 
Erase Done.
Programming Done.
Verify OK.
Build target 'Source'
compiling main.c...
linking...
Program Size: Code=17420 RO-data=496 RW-data=452 ZI-data=1788  
".\OUT\exec.axf" - 0 Errors, 0 Warning(s).
Load "E:\\Dai hoc\\Engineering Softwares\\STM32F4\\projects\\MyProject_F4_2wheelbalancingrobot\\OUT\\exec.axf" 
Erase Done.
Programming Done.
Verify OK.
Build target 'Source'
compiling main.c...
linking...
Program Size: Code=17420 RO-data=496 RW-data=452 ZI-data=1788  
".\OUT\exec.axf" - 0 Errors, 0 Warning(s).
Load "E:\\Dai hoc\\Engineering Softwares\\STM32F4\\projects\\MyProject_F4_2wheelbalancingrobot\\OUT\\exec.axf" 
Erase Done.
Programming Done.
Verify OK.
Build target 'Source'
compiling main.c...
linking...
Program Size: Code=17420 RO-data=496 RW-data=452 ZI-data=1788  
".\OUT\exec.axf" - 0 Errors, 0 Warning(s).
Load "E:\\Dai hoc\\Engineering Softwares\\STM32F4\\projects\\MyProject_F4_2wheelbalancingrobot\\OUT\\exec.axf" 
Erase Done.
Programming Done.
Verify OK.
Rebuild target 'Source'
assembling startup_stm32f4xx.s...
compiling tm_stm32f4_i2c.c...
compiling tm_stm32f4_mpu6050.c...
compiling main.c...
compiling UART_DMA.c...
compiling PWM.c...
compiling Encoder.c...
compiling filter.c...
compiling matrix.c...
Source\matrix.c(84): warning: C4017W: factor may be used before being set
compiling misc.c...
compiling stm32f4xx_dma.c...
compiling stm32f4xx_exti.c...
compiling stm32f4xx_gpio.c...
compiling stm32f4xx_rcc.c...
compiling stm32f4xx_syscfg.c...
compiling stm32f4xx_tim.c...
compiling stm32f4xx_usart.c...
compiling stm32f4xx_adc.c...
compiling stm32f4xx_i2c.c...
compiling system_stm32f4xx.c...
linking...
Program Size: Code=17420 RO-data=496 RW-data=452 ZI-data=1788  
".\OUT\exec.axf" - 0 Errors, 1 Warning(s).
